Archive member included to satisfy reference by file (symbol)

/Applications/SEGGER Embedded Studio for ARM 4.12/lib/libm_v7em_fpv4_sp_d16_hard_t_le_eabi.a(libm_asm.o)
                              Output/twi_sensor_pca10040 Release/Obj/ADXL345.o (__aeabi_i2d)
/Applications/SEGGER Embedded Studio for ARM 4.12/lib/libc_v7em_fpv4_sp_d16_hard_t_le_eabi.a(libc2.o)
                              Output/twi_sensor_pca10040 Release/Obj/nrf_log_str_formatter.o (isprint)
/Applications/SEGGER Embedded Studio for ARM 4.12/lib/libc_v7em_fpv4_sp_d16_hard_t_le_eabi.a(libc2_asm.o)
                              Output/twi_sensor_pca10040 Release/Obj/nrf_log_frontend.o (memcpy)
/Applications/SEGGER Embedded Studio for ARM 4.12/lib/libc_v7em_fpv4_sp_d16_hard_t_le_eabi.a(libc.o)
                              /Applications/SEGGER Embedded Studio for ARM 4.12/lib/libc_v7em_fpv4_sp_d16_hard_t_le_eabi.a(libc2.o) (__heap_lock)
/Applications/SEGGER Embedded Studio for ARM 4.12/lib/libc_v7em_fpv4_sp_d16_hard_t_le_eabi.a(libc_asm.o)
                              /Applications/SEGGER Embedded Studio for ARM 4.12/lib/libc_v7em_fpv4_sp_d16_hard_t_le_eabi.a(libc2.o) (__aeabi_uldivmod)
/Applications/SEGGER Embedded Studio for ARM 4.12/lib/libdebugio_v7em_fpv4_sp_d16_hard_t_le_eabi.a(libdebugio.o)
                              Output/twi_sensor_pca10040 Release/Obj/thumb_crt0.o (debug_fopen)
/Applications/SEGGER Embedded Studio for ARM 4.12/lib/libdebugio_mempoll_v7em_fpv4_sp_d16_hard_t_le_eabi.a(mempoll_debug_operations.o)
                              /Applications/SEGGER Embedded Studio for ARM 4.12/lib/libdebugio_v7em_fpv4_sp_d16_hard_t_le_eabi.a(libdebugio.o) (__do_debug_operation)
/Applications/SEGGER Embedded Studio for ARM 4.12/lib/libdebugio_mempoll_v7em_fpv4_sp_d16_hard_t_le_eabi.a(do_nv_debug_operation.o)
                              /Applications/SEGGER Embedded Studio for ARM 4.12/lib/libdebugio_v7em_fpv4_sp_d16_hard_t_le_eabi.a(libdebugio.o) (__do_nvdebug_operation)
/Applications/SEGGER Embedded Studio for ARM 4.12/lib/libm_v7em_fpv4_sp_d16_hard_t_le_eabi.a(libm2.o)
                              /Applications/SEGGER Embedded Studio for ARM 4.12/lib/libvfprintf_v7em_fpv4_sp_d16_hard_t_le_eabi.o (frexp)
/Applications/SEGGER Embedded Studio for ARM 4.12/lib/libm_v7em_fpv4_sp_d16_hard_t_le_eabi.a(libm2_asm.o)
                              /Applications/SEGGER Embedded Studio for ARM 4.12/lib/libm_v7em_fpv4_sp_d16_hard_t_le_eabi.a(libm2.o) (fabs)

Discarded input sections

 .text          0x0000000000000000        0x0 Output/twi_sensor_pca10040 Release/Obj/thumb_crt0.o
 .data          0x0000000000000000        0x0 Output/twi_sensor_pca10040 Release/Obj/thumb_crt0.o
 .bss           0x0000000000000000        0x0 Output/twi_sensor_pca10040 Release/Obj/thumb_crt0.o
 .text.abort    0x0000000000000000        0x2 Output/twi_sensor_pca10040 Release/Obj/thumb_crt0.o
 .text.__assert
                0x0000000000000000        0x2 Output/twi_sensor_pca10040 Release/Obj/thumb_crt0.o
 .text.__aeabi_assert
                0x0000000000000000        0x2 Output/twi_sensor_pca10040 Release/Obj/thumb_crt0.o
 .text.__sync_synchronize
                0x0000000000000000        0x2 Output/twi_sensor_pca10040 Release/Obj/thumb_crt0.o
 .text.__getchar
                0x0000000000000000        0x4 Output/twi_sensor_pca10040 Release/Obj/thumb_crt0.o
 .text.__putchar
                0x0000000000000000        0x4 Output/twi_sensor_pca10040 Release/Obj/thumb_crt0.o
 .text.__open   0x0000000000000000        0x4 Output/twi_sensor_pca10040 Release/Obj/thumb_crt0.o
 .text.__close  0x0000000000000000        0x4 Output/twi_sensor_pca10040 Release/Obj/thumb_crt0.o
 .text.__write  0x0000000000000000        0xa Output/twi_sensor_pca10040 Release/Obj/thumb_crt0.o
 .text.__read   0x0000000000000000        0xa Output/twi_sensor_pca10040 Release/Obj/thumb_crt0.o
 .text.__seek   0x0000000000000000       0x1a Output/twi_sensor_pca10040 Release/Obj/thumb_crt0.o
 .bss.__user_locale_name_buffer
                0x0000000000000000        0x4 Output/twi_sensor_pca10040 Release/Obj/thumb_crt0.o
 .stack         0x0000000000000000        0x0 Output/twi_sensor_pca10040 Release/Obj/thumb_crt0.o
 .stack_process
                0x0000000000000000        0x0 Output/twi_sensor_pca10040 Release/Obj/thumb_crt0.o
 .heap          0x0000000000000000        0x0 Output/twi_sensor_pca10040 Release/Obj/thumb_crt0.o
 .group         0x0000000000000000        0xc Output/twi_sensor_pca10040 Release/Obj/nrf_log_backend_rtt.o
 .group         0x0000000000000000        0xc Output/twi_sensor_pca10040 Release/Obj/nrf_log_backend_rtt.o
 .group         0x0000000000000000        0xc Output/twi_sensor_pca10040 Release/Obj/nrf_log_backend_rtt.o
 .group         0x0000000000000000        0xc Output/twi_sensor_pca10040 Release/Obj/nrf_log_backend_rtt.o
 .group         0x0000000000000000        0xc Output/twi_sensor_pca10040 Release/Obj/nrf_log_backend_rtt.o
[...]
Memory Configuration

Name             Origin             Length             Attributes
UNPLACED_SECTIONS 0x0000000100000000 0x0000000000000000 xw
RAM              0x0000000020000000 0x0000000000010000 xw
FLASH            0x0000000000000000 0x0000000000080000 xw
*default*        0x0000000000000000 0xffffffffffffffff

Linker script and memory map

                0x00000000000039a8                __vfprintf = __vfprintf_float_long
                0x0000000000000000                __vfscanf = __vfscanf_int
                0x0000000020000000                __RAM_segment_start__ = 0x20000000
                0x0000000020010000                __RAM_segment_end__ = 0x20010000
                0x0000000000010000                __RAM_segment_size__ = 0x10000
                0x0000000000000000                __FLASH_segment_start__ = 0x0
                0x0000000000080000                __FLASH_segment_end__ = 0x80000
                0x0000000000080000                __FLASH_segment_size__ = 0x80000
                0x0000000000002000                __HEAPSIZE__ = 0x2000
                0x0000000000000000                __STACKSIZE_PROCESS__ = 0x0
                0x0000000000002000                __STACKSIZE__ = 0x2000
                0x0000000020000000                __vectors_ram_load_start__ = 0x20000000

.vectors_ram    0x0000000020000000        0x0
                0x0000000020000000                __vectors_ram_start__ = .
                0x0000000020000000                __app_ram_start__ = __vectors_ram_start__
 *(.vectors_ram .vectors_ram.*)
                0x0000000020000000                __vectors_ram_end__ = (__vectors_ram_start__ + SIZEOF (.vectors_ram))
                0x0000000000000000                __vectors_ram_size__ = SIZEOF (.vectors_ram)
                0x0000000020000000                __vectors_ram_load_end__ = __vectors_ram_end__
                0x0000000000000001                . = ASSERT (((__vectors_ram_start__ == __vectors_ram_end__) || ((__vectors_ram_end__ >= __RAM_segment_start__) && (__vectors_ram_end__ <= __RAM_segment_end__))), error: .vectors_ram is too large to fit in RAM memory segment)
                0x0000000020000000                __nrf_sections_run_load_start__ = ALIGN (__vectors_ram_end__, 0x4)

.nrf_sections_run
                0x0000000020000000        0x0
                0x0000000020000000                __nrf_sections_run_start__ = .
                0x0000000020000000                __start_nrf_sections_run = __nrf_sections_run_start__
 *(.nrf_sections_run .nrf_sections_run.*)
                0x0000000020000000                __nrf_sections_run_end__ = (__nrf_sections_run_start__ + SIZEOF (.nrf_sections_run))
                0x0000000000000000                __nrf_sections_run_size__ = SIZEOF (.nrf_sections_run)
                0x0000000020000000                __nrf_sections_run_load_end__ = __nrf_sections_run_end__
                0x0000000000000001                . = ASSERT (((__nrf_sections_run_start__ == __nrf_sections_run_end__) || ((__nrf_sections_run_end__ >= __RAM_segment_start__) && (__nrf_sections_run_end__ <= __RAM_segment_end__))), error: .nrf_sections_run is too large to fit in RAM memory segment)
                0x0000000000000000                __vectors_load_start__ = 0x0

.vectors        0x0000000000000000      0x200
                0x0000000000000000                __vectors_start__ = .
 *(.vectors .vectors.*)
 .vectors       0x0000000000000000      0x200 Output/twi_sensor_pca10040 Release/Obj/ses_startup_nrf52.o
                0x0000000000000000                _vectors
                0x0000000000000200                __vectors_end__ = (__vectors_start__ + SIZEOF (.vectors))
                0x0000000000000200                __vectors_size__ = SIZEOF (.vectors)
                0x0000000000000200                __vectors_load_end__ = __vectors_end__
                0x0000000000000001                . = ASSERT (((__vectors_start__ == __vectors_end__) || ((__vectors_end__ >= __FLASH_segment_start__) && (__vectors_end__ <= __FLASH_segment_end__))), error: .vectors is too large to fit in FLASH memory segment)
                0x0000000000000200                __init_load_start__ = ALIGN (__vectors_end__, 0x4)

.init           0x0000000000000200      0x1d8
                0x0000000000000200                __init_start__ = .
 *(.init .init.*)
 .init          0x0000000000000200      0x160 Output/twi_sensor_pca10040 Release/Obj/thumb_crt0.o
                0x0000000000000200                _start
                0x00000000000002b6                exit
 .init          0x0000000000000360       0x18 Output/twi_sensor_pca10040 Release/Obj/ses_startup_nrf52.o
                0x0000000000000360                NMI_Handler
                0x0000000000000362                HardFault_Handler
                0x0000000000000364                MemoryManagement_Handler
                0x0000000000000366                BusFault_Handler
                0x0000000000000368                UsageFault_Handler
                0x000000000000036a                SVC_Handler
                0x000000000000036c                DebugMon_Handler
                0x000000000000036e                PendSV_Handler
                0x0000000000000370                SysTick_Handler
                0x0000000000000372                TEMP_IRQHandler
                0x0000000000000372                QDEC_IRQHandler
                0x0000000000000372                TIMER3_IRQHandler
                0x0000000000000372                FPU_IRQHandler
                0x0000000000000372                TIMER4_IRQHandler
                0x0000000000000372                I2S_IRQHandler
                0x0000000000000372                SWI4_EGU4_IRQHandler
                0x0000000000000372                TIMER0_IRQHandler
                0x0000000000000372                Dummy_Handler
                0x0000000000000372                TIMER1_IRQHandler
                0x0000000000000372                PWM2_IRQHandler
                0x0000000000000372                ECB_IRQHandler
                0x0000000000000372                SPIM1_SPIS1_TWIM1_TWIS1_SPI1_TWI1_IRQHandler
                0x0000000000000372                SAADC_IRQHandler
                0x0000000000000372                CCM_AAR_IRQHandler
                0x0000000000000372                WDT_IRQHandler
                0x0000000000000372                SWI5_EGU5_IRQHandler
                0x0000000000000372                RNG_IRQHandler
                0x0000000000000372                RTC2_IRQHandler
                0x0000000000000372                PWM0_IRQHandler
                0x0000000000000372                SWI3_EGU3_IRQHandler
                0x0000000000000372                RTC1_IRQHandler
                0x0000000000000372                SWI1_EGU1_IRQHandler
                0x0000000000000372                SPIM2_SPIS2_SPI2_IRQHandler
                0x0000000000000372                NFCT_IRQHandler
                0x0000000000000372                MWU_IRQHandler
                0x0000000000000372                COMP_LPCOMP_IRQHandler
                0x0000000000000372                RTC0_IRQHandler
                0x0000000000000372                SWI0_EGU0_IRQHandler
                0x0000000000000372                SWI2_EGU2_IRQHandler
                0x0000000000000372                GPIOTE_IRQHandler
                0x0000000000000372                PWM1_IRQHandler
                0x0000000000000372                POWER_CLOCK_IRQHandler
                0x0000000000000372                RADIO_IRQHandler
                0x0000000000000372                PDM_IRQHandler
                0x0000000000000372                TIMER2_IRQHandler
                0x0000000000000374                nRFInitialize
 .init          0x0000000000000378       0x60 Output/twi_sensor_pca10040 Release/Obj/ses_startup_nrf_common.o
                0x0000000000000378                Reset_Handler
                0x00000000000003a0                InitializeUserMemorySections
                0x00000000000003d8                __init_end__ = (__init_start__ + SIZEOF (.init))
                0x00000000000001d8                __init_size__ = SIZEOF (.init)
                0x00000000000003d8                __init_load_end__ = __init_end__
                0x0000000000000001                . = ASSERT (((__init_start__ == __init_end__) || ((__init_end__ >= __FLASH_segment_start__) && (__init_end__ <= __FLASH_segment_end__))), error: .init is too large to fit in FLASH memory segment)
                0x00000000000003d8                __init_rodata_load_start__ = ALIGN (__init_end__, 0x4)

.init_rodata    0x00000000000003d8        0x0
                0x00000000000003d8                __init_rodata_start__ = .
 *(.init_rodata .init_rodata.*)
                0x00000000000003d8                __init_rodata_end__ = (__init_rodata_start__ + SIZEOF (.init_rodata))
                0x0000000000000000                __init_rodata_size__ = SIZEOF (.init_rodata)
                0x00000000000003d8                __init_rodata_load_end__ = __init_rodata_end__
                0x0000000000000001                . = ASSERT (((__init_rodata_start__ == __init_rodata_end__) || ((__init_rodata_end__ >= __FLASH_segment_start__) && (__init_rodata_end__ <= __FLASH_segment_end__))), error: .init_rodata is too large to fit in FLASH memory segment)
                0x00000000000003d8                __text_load_start__ = ALIGN (__init_rodata_end__, 0x4)

.text           0x00000000000003d8     0x4b3e
                0x00000000000003d8                __text_start__ = .
 *(.text .text.* .glue_7t .glue_7 .gnu.linkonce.t.* .gcc_except_table .ARM.extab* .gnu.linkonce.armextab.*)
 .glue_7        0x00000000000003d8        0x0 linker stubs
 .glue_7t       0x00000000000003d8        0x0 linker stubs
 .text.__aeabi_read_tp
                0x00000000000003d8        0x8 Output/twi_sensor_pca10040 Release/Obj/thumb_crt0.o
                0x00000000000003d8                __aeabi_read_tp
 .text.nrf_log_backend_serial_put
                0x00000000000003e0       0xcc Output/twi_sensor_pca10040 Release/Obj/nrf_log_backend_serial.o
                0x00000000000003e0                nrf_log_backend_serial_put
 .text.uart_evt_handler
                0x00000000000004ac        0xc Output/twi_sensor_pca10040 Release/Obj/nrf_log_backend_uart.o
 .text.nrf_log_backend_uart_flush
                0x00000000000004b8        0x2 Output/twi_sensor_pca10040 Release/Obj/nrf_log_backend_uart.o
 *fill*         0x00000000000004ba        0x2 
 .text.uart_init
                0x00000000000004bc       0x4c Output/twi_sensor_pca10040 Release/Obj/nrf_log_backend_uart.o
 .text.nrf_log_backend_uart_put
                0x0000000000000508       0x1c Output/twi_sensor_pca10040 Release/Obj/nrf_log_backend_uart.o
 .text.serial_tx
                0x0000000000000524       0x48 Output/twi_sensor_pca10040 Release/Obj/nrf_log_backend_uart.o
 .text.nrf_log_backend_uart_panic_set
                0x000000000000056c       0x2c Output/twi_sensor_pca10040 Release/Obj/nrf_log_backend_uart.o
 .text.nrf_log_backend_uart_init
                0x0000000000000598        0x6 Output/twi_sensor_pca10040 Release/Obj/nrf_log_backend_uart.o
                0x0000000000000598                nrf_log_backend_uart_init
 *fill*         0x000000000000059e        0x2 
 .text.nrf_log_default_backends_init
                0x00000000000005a0       0x20 Output/twi_sensor_pca10040 Release/Obj/nrf_log_default_backends.o
                0x00000000000005a0                nrf_log_default_backends_init
 .text.invalid_packets_omit
                0x00000000000005c0       0x3a Output/twi_sensor_pca10040 Release/Obj/nrf_log_frontend.o
 *fill*         0x00000000000005fa        0x2 
 .text.buf_prealloc
                0x00000000000005fc      0x12c Output/twi_sensor_pca10040 Release/Obj/nrf_log_frontend.o
 .text.nrf_log_init
                0x0000000000000728       0x3c Output/twi_sensor_pca10040 Release/Obj/nrf_log_frontend.o
                0x0000000000000728                nrf_log_init
 .text.nrf_log_module_name_get
                0x0000000000000764       0x38 Output/twi_sensor_pca10040 Release/Obj/nrf_log_frontend.o
                0x0000000000000764                nrf_log_module_name_get
 .text.nrf_log_color_id_get
                0x000000000000079c       0x2c Output/twi_sensor_pca10040 Release/Obj/nrf_log_frontend.o
                0x000000000000079c                nrf_log_color_id_get
 .text.buffer_is_empty
                0x00000000000007c8       0x14 Output/twi_sensor_pca10040 Release/Obj/nrf_log_frontend.o
                0x00000000000007c8                buffer_is_empty
 .text.nrf_log_frontend_dequeue
                0x00000000000007dc      0x220 Output/twi_sensor_pca10040 Release/Obj/nrf_log_frontend.o
                0x00000000000007dc                nrf_log_frontend_dequeue
 .text.std_n    0x00000000000009fc       0xb0 Output/twi_sensor_pca10040 Release/Obj/nrf_log_frontend.o
 .text.nrf_log_frontend_std_0
                0x0000000000000aac        0x8 Output/twi_sensor_pca10040 Release/Obj/nrf_log_frontend.o
                0x0000000000000aac                nrf_log_frontend_std_0
 .text.nrf_log_backend_add
                0x0000000000000ab4       0x44 Output/twi_sensor_pca10040 Release/Obj/nrf_log_frontend.o
                0x0000000000000ab4                nrf_log_backend_add
 .text.nrf_log_panic
                0x0000000000000af8       0x2c Output/twi_sensor_pca10040 Release/Obj/nrf_log_frontend.o
                0x0000000000000af8                nrf_log_panic
 .text.postfix_process
                0x0000000000000b24       0x3c Output/twi_sensor_pca10040 Release/Obj/nrf_log_str_formatter.o
 .text.prefix_process
                0x0000000000000b60       0x78 Output/twi_sensor_pca10040 Release/Obj/nrf_log_str_formatter.o
 .text.nrf_log_std_entry_process
                0x0000000000000bd8       0xc8 Output/twi_sensor_pca10040 Release/Obj/nrf_log_str_formatter.o
                0x0000000000000bd8                nrf_log_std_entry_process
 .text.nrf_log_hexdump_entry_process
                0x0000000000000ca0       0xac Output/twi_sensor_pca10040 Release/Obj/nrf_log_str_formatter.o
                0x0000000000000ca0                nrf_log_hexdump_entry_process
 .text.app_error_handler_bare
                0x0000000000000d4c       0x1a Output/twi_sensor_pca10040 Release/Obj/app_error.o
                0x0000000000000d4c                app_error_handler_bare
 *fill*         0x0000000000000d66        0x2 
 .text.app_error_fault_handler
                0x0000000000000d68       0x70 Output/twi_sensor_pca10040 Release/Obj/app_error_weak.o
                0x0000000000000d68                app_error_fault_handler
 .text.app_util_disable_irq
                0x0000000000000dd8       0x10 Output/twi_sensor_pca10040 Release/Obj/app_util_platform.o
                0x0000000000000dd8                app_util_disable_irq
 .text.app_util_enable_irq
                0x0000000000000de8       0x14 Output/twi_sensor_pca10040 Release/Obj/app_util_platform.o
                0x0000000000000de8                app_util_enable_irq
 .text.app_util_critical_region_enter
                0x0000000000000dfc        0x4 Output/twi_sensor_pca10040 Release/Obj/app_util_platform.o
                0x0000000000000dfc                app_util_critical_region_enter
 .text.app_util_critical_region_exit
                0x0000000000000e00        0x4 Output/twi_sensor_pca10040 Release/Obj/app_util_platform.o
                0x0000000000000e00                app_util_critical_region_exit
 .text.nrf_atomic_u32_fetch_store
                0x0000000000000e04       0x14 Output/twi_sensor_pca10040 Release/Obj/nrf_atomic.o
                0x0000000000000e04                nrf_atomic_u32_fetch_store
 .text.nrf_atomic_u32_or
                0x0000000000000e18       0x16 Output/twi_sensor_pca10040 Release/Obj/nrf_atomic.o
                0x0000000000000e18                nrf_atomic_u32_or
 .text.nrf_atomic_u32_fetch_and
                0x0000000000000e2e       0x16 Output/twi_sensor_pca10040 Release/Obj/nrf_atomic.o
                0x0000000000000e2e                nrf_atomic_u32_fetch_and
 .text.nrf_atomic_u32_add
                0x0000000000000e44       0x16 Output/twi_sensor_pca10040 Release/Obj/nrf_atomic.o
                0x0000000000000e44                nrf_atomic_u32_add
 .text.nrf_atomic_u32_sub
                0x0000000000000e5a       0x16 Output/twi_sensor_pca10040 Release/Obj/nrf_atomic.o
                0x0000000000000e5a                nrf_atomic_u32_sub
 .text.nrf_atomic_flag_set
                0x0000000000000e70        0x6 Output/twi_sensor_pca10040 Release/Obj/nrf_atomic.o
                0x0000000000000e70                nrf_atomic_flag_set
 .text.nrf_atomic_flag_clear_fetch
                0x0000000000000e76        0x6 Output/twi_sensor_pca10040 Release/Obj/nrf_atomic.o
                0x0000000000000e76                nrf_atomic_flag_clear_fetch
 .text.nrf_balloc_init
                0x0000000000000e7c       0x2e Output/twi_sensor_pca10040 Release/Obj/nrf_balloc.o
                0x0000000000000e7c                nrf_balloc_init
 .text.nrf_balloc_alloc
                0x0000000000000eaa       0x40 Output/twi_sensor_pca10040 Release/Obj/nrf_balloc.o
                0x0000000000000eaa                nrf_balloc_alloc
 .text.nrf_balloc_free
                0x0000000000000eea       0x2a Output/twi_sensor_pca10040 Release/Obj/nrf_balloc.o
                0x0000000000000eea                nrf_balloc_free
 .text.nrf_fprintf_buffer_flush
                0x0000000000000f14       0x16 Output/twi_sensor_pca10040 Release/Obj/nrf_fprintf.o
                0x0000000000000f14                nrf_fprintf_buffer_flush
 .text.nrf_fprintf
                0x0000000000000f2a       0x1e Output/twi_sensor_pca10040 Release/Obj/nrf_fprintf.o
                0x0000000000000f2a                nrf_fprintf
 .text.buffer_add
                0x0000000000000f48       0x1e Output/twi_sensor_pca10040 Release/Obj/nrf_fprintf_format.o
 *fill*         0x0000000000000f66        0x2 
 .text.unsigned_print
                0x0000000000000f68       0xac Output/twi_sensor_pca10040 Release/Obj/nrf_fprintf_format.o
 .text.nrf_fprintf_fmt
                0x0000000000001014      0x28a Output/twi_sensor_pca10040 Release/Obj/nrf_fprintf_format.o
                0x0000000000001014                nrf_fprintf_fmt
 .text.memobj_op
                0x000000000000129e       0x82 Output/twi_sensor_pca10040 Release/Obj/nrf_memobj.o
 .text.nrf_memobj_pool_init
                0x0000000000001320        0x4 Output/twi_sensor_pca10040 Release/Obj/nrf_memobj.o
                0x0000000000001320                nrf_memobj_pool_init
 .text.nrf_memobj_free
                0x0000000000001324       0x2c Output/twi_sensor_pca10040 Release/Obj/nrf_memobj.o
                0x0000000000001324                nrf_memobj_free
 .text.nrf_memobj_alloc
                0x0000000000001350       0x5e Output/twi_sensor_pca10040 Release/Obj/nrf_memobj.o
                0x0000000000001350                nrf_memobj_alloc
 .text.nrf_memobj_get
                0x00000000000013ae        0x8 Output/twi_sensor_pca10040 Release/Obj/nrf_memobj.o
                0x00000000000013ae                nrf_memobj_get
 .text.nrf_memobj_put
                0x00000000000013b6       0x1e Output/twi_sensor_pca10040 Release/Obj/nrf_memobj.o
                0x00000000000013b6                nrf_memobj_put
 .text.nrf_memobj_write
                0x00000000000013d4       0x16 Output/twi_sensor_pca10040 Release/Obj/nrf_memobj.o
                0x00000000000013d4                nrf_memobj_write
 .text.nrf_memobj_read
                0x00000000000013ea       0x16 Output/twi_sensor_pca10040 Release/Obj/nrf_memobj.o
                0x00000000000013ea                nrf_memobj_read
 .text.nrf_ringbuf_init
                0x0000000000001400       0x12 Output/twi_sensor_pca10040 Release/Obj/nrf_ringbuf.o
                0x0000000000001400                nrf_ringbuf_init
 *fill*         0x0000000000001412        0x2 
 .text.twim_evt_handler
                0x0000000000001414       0x48 Output/twi_sensor_pca10040 Release/Obj/nrf_drv_twi.o
 .text.nrfx_coredep_delay_us.constprop.1
                0x000000000000145c       0x10 Output/twi_sensor_pca10040 Release/Obj/nrf_drv_twi.o
 .text.nrf_drv_twi_init
                0x000000000000146c       0xe0 Output/twi_sensor_pca10040 Release/Obj/nrf_drv_twi.o
                0x000000000000146c                nrf_drv_twi_init
 .text.uarte_evt_handler
                0x000000000000154c       0x34 Output/twi_sensor_pca10040 Release/Obj/nrf_drv_uart.o
 .text.uart_evt_handler
                0x0000000000001580       0x34 Output/twi_sensor_pca10040 Release/Obj/nrf_drv_uart.o
 .text.nrf_drv_uart_init
                0x00000000000015b4       0x7c Output/twi_sensor_pca10040 Release/Obj/nrf_drv_uart.o
                0x00000000000015b4                nrf_drv_uart_init
 .text.UARTE0_UART0_IRQHandler
                0x0000000000001630        0xc Output/twi_sensor_pca10040 Release/Obj/nrfx_prs.o
                0x0000000000001630                UARTE0_UART0_IRQHandler
 .text.nrfx_prs_acquire
                0x000000000000163c       0x34 Output/twi_sensor_pca10040 Release/Obj/nrfx_prs.o
                0x000000000000163c                nrfx_prs_acquire
 .text.nrfx_prs_release
                0x0000000000001670       0x18 Output/twi_sensor_pca10040 Release/Obj/nrfx_prs.o
                0x0000000000001670                nrfx_prs_release
 .text.nrf_twim_event_clear
                0x0000000000001688       0x10 Output/twi_sensor_pca10040 Release/Obj/nrfx_twim.o
 .text.SPIM0_SPIS0_TWIM0_TWIS0_SPI0_TWI0_IRQHandler
                0x0000000000001698      0x144 Output/twi_sensor_pca10040 Release/Obj/nrfx_twim.o
                0x0000000000001698                SPIM0_SPIS0_TWIM0_TWIS0_SPI0_TWI0_IRQHandler
 .text.nrfx_twim_init
                0x00000000000017dc       0xec Output/twi_sensor_pca10040 Release/Obj/nrfx_twim.o
                0x00000000000017dc                nrfx_twim_init
 .text.nrfx_twim_enable
                0x00000000000018c8       0x20 Output/twi_sensor_pca10040 Release/Obj/nrfx_twim.o
                0x00000000000018c8                nrfx_twim_enable
 .text.nrfx_twim_xfer
                0x00000000000018e8      0x27c Output/twi_sensor_pca10040 Release/Obj/nrfx_twim.o
                0x00000000000018e8                nrfx_twim_xfer
 .text.nrfx_twim_tx
                0x0000000000001b64       0x36 Output/twi_sensor_pca10040 Release/Obj/nrfx_twim.o
                0x0000000000001b64                nrfx_twim_tx
 .text.nrfx_twim_rx
                0x0000000000001b9a       0x34 Output/twi_sensor_pca10040 Release/Obj/nrfx_twim.o
                0x0000000000001b9a                nrfx_twim_rx
 .text.nrf_uart_event_clear
                0x0000000000001bce       0x10 Output/twi_sensor_pca10040 Release/Obj/nrfx_uart.o
 .text.tx_byte  0x0000000000001bde       0x1e Output/twi_sensor_pca10040 Release/Obj/nrfx_uart.o
 .text.rx_byte  0x0000000000001bfc       0x2c Output/twi_sensor_pca10040 Release/Obj/nrfx_uart.o
 .text.rx_done_event.constprop.8
                0x0000000000001c28       0x20 Output/twi_sensor_pca10040 Release/Obj/nrfx_uart.o
 .text.nrfx_uart_0_irq_handler
                0x0000000000001c48      0x13c Output/twi_sensor_pca10040 Release/Obj/nrfx_uart.o
                0x0000000000001c48                nrfx_uart_0_irq_handler
 .text.nrfx_uart_init
                0x0000000000001d84      0x180 Output/twi_sensor_pca10040 Release/Obj/nrfx_uart.o
                0x0000000000001d84                nrfx_uart_init
 .text.nrfx_uart_uninit
                0x0000000000001f04       0xc8 Output/twi_sensor_pca10040 Release/Obj/nrfx_uart.o
                0x0000000000001f04                nrfx_uart_uninit
 .text.nrfx_uart_tx
                0x0000000000001fcc       0x94 Output/twi_sensor_pca10040 Release/Obj/nrfx_uart.o
                0x0000000000001fcc                nrfx_uart_tx
 .text.nrf_uarte_event_clear
                0x0000000000002060       0x10 Output/twi_sensor_pca10040 Release/Obj/nrfx_uarte.o
 .text.rx_done_event.constprop.7
                0x0000000000002070       0x24 Output/twi_sensor_pca10040 Release/Obj/nrfx_uarte.o
 .text.nrfx_uarte_0_irq_handler
                0x0000000000002094       0xec Output/twi_sensor_pca10040 Release/Obj/nrfx_uarte.o
                0x0000000000002094                nrfx_uarte_0_irq_handler
 .text.nrfx_uarte_init
                0x0000000000002180      0x190 Output/twi_sensor_pca10040 Release/Obj/nrfx_uarte.o
                0x0000000000002180                nrfx_uarte_init
 .text.nrfx_uarte_uninit
                0x0000000000002310       0xc8 Output/twi_sensor_pca10040 Release/Obj/nrfx_uarte.o
                0x0000000000002310                nrfx_uarte_uninit
 .text.nrfx_uarte_tx
                0x00000000000023d8       0x88 Output/twi_sensor_pca10040 Release/Obj/nrfx_uarte.o
                0x00000000000023d8                nrfx_uarte_tx
 .text.twi_init
                0x0000000000002460       0x40 Output/twi_sensor_pca10040 Release/Obj/main.o
                0x0000000000002460                twi_init
 .text.ADXL345_set_mode
                0x00000000000024a0       0x30 Output/twi_sensor_pca10040 Release/Obj/main.o
                0x00000000000024a0                ADXL345_set_mode
 .text.startup.main
                0x00000000000024d0       0xd8 Output/twi_sensor_pca10040 Release/Obj/main.o
                0x00000000000024d0                main
 .text._GetAvailWriteSpace
                0x00000000000025a8       0x1c Output/twi_sensor_pca10040 Release/Obj/SEGGER_RTT.o
 .text._WriteNoCheck
                0x00000000000025c4       0x3a Output/twi_sensor_pca10040 Release/Obj/SEGGER_RTT.o
 .text._WriteBlocking
                0x00000000000025fe       0x52 Output/twi_sensor_pca10040 Release/Obj/SEGGER_RTT.o
 .text._DoInit  0x0000000000002650       0x60 Output/twi_sensor_pca10040 Release/Obj/SEGGER_RTT.o
 .text.SEGGER_RTT_WriteNoLock
                0x00000000000026b0       0x68 Output/twi_sensor_pca10040 Release/Obj/SEGGER_RTT.o
                0x00000000000026b0                SEGGER_RTT_WriteNoLock
 .text.SEGGER_RTT_Write
                0x0000000000002718       0x34 Output/twi_sensor_pca10040 Release/Obj/SEGGER_RTT.o
                0x0000000000002718                SEGGER_RTT_Write
 .text.printf   0x000000000000274c       0x3a Output/twi_sensor_pca10040 Release/Obj/SEGGER_RTT_Syscalls_SES.o
                0x000000000000274c                printf
 *fill*         0x0000000000002786        0x2 
 .text.errata_12
                0x0000000000002788       0x40 Output/twi_sensor_pca10040 Release/Obj/system_nrf52.o
 .text.errata_16
                0x00000000000027c8       0x34 Output/twi_sensor_pca10040 Release/Obj/system_nrf52.o
 .text.SystemInit
                0x00000000000027fc      0x25c Output/twi_sensor_pca10040 Release/Obj/system_nrf52.o
                0x00000000000027fc                SystemInit
 .text.ADXL345_I2C_register_write
                0x0000000000002a58       0x20 Output/twi_sensor_pca10040 Release/Obj/ADXL345.o
                0x0000000000002a58                ADXL345_I2C_register_write
 .text.ADXL345_I2C_Set_DATAX0
                0x0000000000002a78       0x1e Output/twi_sensor_pca10040 Release/Obj/ADXL345.o
                0x0000000000002a78                ADXL345_I2C_Set_DATAX0
 *fill*         0x0000000000002a96        0x2 
 .text.ADXL345_Read_Sensor_Data
                0x0000000000002a98       0x2c Output/twi_sensor_pca10040 Release/Obj/ADXL345.o
                0x0000000000002a98                ADXL345_Read_Sensor_Data
 .text.ADXL345_read_XYZ
                0x0000000000002ac4       0x38 Output/twi_sensor_pca10040 Release/Obj/ADXL345.o
                0x0000000000002ac4                ADXL345_read_XYZ
 .text.ADXL345_Read_Acceleration
                0x0000000000002afc        0xc Output/twi_sensor_pca10040 Release/Obj/ADXL345.o
                0x0000000000002afc                ADXL345_Read_Acceleration
 .text.ADXL345_Get_Acceleration
                0x0000000000002b08       0x70 Output/twi_sensor_pca10040 Release/Obj/ADXL345.o
                0x0000000000002b08                ADXL345_Get_Acceleration
 .text.ADXL345_Check_Status
                0x0000000000002b78       0x54 Output/twi_sensor_pca10040 Release/Obj/ADXL345.o
                0x0000000000002b78                ADXL345_Check_Status
 .text.ADXL345_I2C_Normal_Mode
                0x0000000000002bcc       0x34 Output/twi_sensor_pca10040 Release/Obj/ADXL345.o
                0x0000000000002bcc                ADXL345_I2C_Normal_Mode
 .text.ADXL345_I2C_Sleep_Mode
                0x0000000000002c00       0x34 Output/twi_sensor_pca10040 Release/Obj/ADXL345.o
                0x0000000000002c00                ADXL345_I2C_Sleep_Mode
 .text.ADXL345_I2C_Init_Measure_Mode
                0x0000000000002c34       0x34 Output/twi_sensor_pca10040 Release/Obj/ADXL345.o
                0x0000000000002c34                ADXL345_I2C_Init_Measure_Mode
 .text.ADXL345_I2C_Set_Format
                0x0000000000002c68       0x34 Output/twi_sensor_pca10040 Release/Obj/ADXL345.o
                0x0000000000002c68                ADXL345_I2C_Set_Format
 .text.ADXL345_I2C_Inactivity_Threshold
                0x0000000000002c9c       0x38 Output/twi_sensor_pca10040 Release/Obj/ADXL345.o
                0x0000000000002c9c                ADXL345_I2C_Inactivity_Threshold
 .text.ADXL345_I2C_Activity_Threshold
                0x0000000000002cd4       0x38 Output/twi_sensor_pca10040 Release/Obj/ADXL345.o
                0x0000000000002cd4                ADXL345_I2C_Activity_Threshold
 .text.libc.__int32_to_float64
                0x0000000000002d0c       0x2e /Applications/SEGGER Embedded Studio for ARM 4.12/lib/libm_v7em_fpv4_sp_d16_hard_t_le_eabi.a(libm_asm.o)
                0x0000000000002d0c                __floatsidf
                0x0000000000002d0c                __aeabi_i2d
                0x0000000000002d0c                __int32_to_float64
 .text.libc.__int64_to_float64
                0x0000000000002d3a       0xa0 /Applications/SEGGER Embedded Studio for ARM 4.12/lib/libm_v7em_fpv4_sp_d16_hard_t_le_eabi.a(libm_asm.o)
                0x0000000000002d3a                __floatdidf
                0x0000000000002d3a                __int64_to_float64
                0x0000000000002d3a                __aeabi_l2d
                0x0000000000002d5e                __RAL_aeabi_l2d_common
 .text.libc.__uint64_to_float64
                0x0000000000002dda       0x14 /Applications/SEGGER Embedded Studio for ARM 4.12/lib/libm_v7em_fpv4_sp_d16_hard_t_le_eabi.a(libm_asm.o)
                0x0000000000002dda                __uint64_to_float64
                0x0000000000002dda                __aeabi_ul2d
                0x0000000000002dda                __floatundidf
 .text.libc.__float64_to_uint64
                0x0000000000002dee       0x48 /Applications/SEGGER Embedded Studio for ARM 4.12/lib/libm_v7em_fpv4_sp_d16_hard_t_le_eabi.a(libm_asm.o)
                0x0000000000002dee                __aeabi_d2ulz
                0x0000000000002dee                __fixunsdfdi
                0x0000000000002dee                __float64_to_uint64
 .text.libc.__float64_add
                0x0000000000002e36      0x294 /Applications/SEGGER Embedded Studio for ARM 4.12/lib/libm_v7em_fpv4_sp_d16_hard_t_le_eabi.a(libm_asm.o)
                0x0000000000002e36                __aeabi_drsub
                0x0000000000002e3e                __float64_sub
                0x0000000000002e3e                __aeabi_dsub
                0x0000000000002e3e                __subdf3
                0x0000000000002e42                __adddf3
                0x0000000000002e42                __float64_add
                0x0000000000002e42                __aeabi_dadd
 *fill*         0x00000000000030ca        0x2 
 .text.libc.__float64_mul
                0x00000000000030cc      0x16c /Applications/SEGGER Embedded Studio for ARM 4.12/lib/libm_v7em_fpv4_sp_d16_hard_t_le_eabi.a(libm_asm.o)
                0x00000000000030cc                __aeabi_dmul
                0x00000000000030cc                __float64_mul
                0x00000000000030cc                __muldf3
 .text.libc.__float64_div
                0x0000000000003238      0x214 /Applications/SEGGER Embedded Studio for ARM 4.12/lib/libm_v7em_fpv4_sp_d16_hard_t_le_eabi.a(libm_asm.o)
                0x0000000000003238                __aeabi_ddiv
                0x0000000000003238                __divdf3
                0x0000000000003238                __float64_div
 .text.libc.__float64_cmpeq
                0x000000000000344c       0x32 /Applications/SEGGER Embedded Studio for ARM 4.12/lib/libm_v7em_fpv4_sp_d16_hard_t_le_eabi.a(libm_asm.o)
                0x000000000000344c                __aeabi_dcmpeq
 .text.libc.__float64_cmple
                0x000000000000347e       0x3c /Applications/SEGGER Embedded Studio for ARM 4.12/lib/libm_v7em_fpv4_sp_d16_hard_t_le_eabi.a(libm_asm.o)
                0x000000000000347e                __aeabi_dcmple
 .text.libc.__float64_cmpge
                0x00000000000034ba       0x3c /Applications/SEGGER Embedded Studio for ARM 4.12/lib/libm_v7em_fpv4_sp_d16_hard_t_le_eabi.a(libm_asm.o)
                0x00000000000034ba                __aeabi_dcmpge
 .text.libc.__float64_cmplt
                0x00000000000034f6       0x38 /Applications/SEGGER Embedded Studio for ARM 4.12/lib/libm_v7em_fpv4_sp_d16_hard_t_le_eabi.a(libm_asm.o)
                0x00000000000034f6                __aeabi_dcmplt
 .text.libc.__float64_cmpgt
                0x000000000000352e       0x38 /Applications/SEGGER Embedded Studio for ARM 4.12/lib/libm_v7em_fpv4_sp_d16_hard_t_le_eabi.a(libm_asm.o)
                0x000000000000352e                __aeabi_dcmpgt
 .text.libc.__float64_signbit
                0x0000000000003566        0xa /Applications/SEGGER Embedded Studio for ARM 4.12/lib/libm_v7em_fpv4_sp_d16_hard_t_le_eabi.a(libm_asm.o)
                0x0000000000003566                __float64_signbit
 .text.libc.__float64_isinf
                0x0000000000003570       0x14 /Applications/SEGGER Embedded Studio for ARM 4.12/lib/libm_v7em_fpv4_sp_d16_hard_t_le_eabi.a(libm_asm.o)
                0x0000000000003570                __float64_isinf
 .text.libc.__float64_isnan
                0x0000000000003584       0x14 /Applications/SEGGER Embedded Studio for ARM 4.12/lib/libm_v7em_fpv4_sp_d16_hard_t_le_eabi.a(libm_asm.o)
                0x0000000000003584                __float64_isnan
 .text.libc.__RAL_ascii_isctype
                0x0000000000003598       0x1c /Applications/SEGGER Embedded Studio for ARM 4.12/lib/libc_v7em_fpv4_sp_d16_hard_t_le_eabi.a(libc2.o)
 .text.libc.__RAL_ascii_toupper
                0x00000000000035b4        0xc /Applications/SEGGER Embedded Studio for ARM 4.12/lib/libc_v7em_fpv4_sp_d16_hard_t_le_eabi.a(libc2.o)
 .text.libc.__RAL_ascii_tolower
                0x00000000000035c0        0xc /Applications/SEGGER Embedded Studio for ARM 4.12/lib/libc_v7em_fpv4_sp_d16_hard_t_le_eabi.a(libc2.o)
 .text.libc.__RAL_ascii_iswctype
                0x00000000000035cc       0x1c /Applications/SEGGER Embedded Studio for ARM 4.12/lib/libc_v7em_fpv4_sp_d16_hard_t_le_eabi.a(libc2.o)
 .text.libc.__RAL_ascii_towupper
                0x00000000000035e8        0xc /Applications/SEGGER Embedded Studio for ARM 4.12/lib/libc_v7em_fpv4_sp_d16_hard_t_le_eabi.a(libc2.o)
 .text.libc.__RAL_ascii_towlower
                0x00000000000035f4        0xc /Applications/SEGGER Embedded Studio for ARM 4.12/lib/libc_v7em_fpv4_sp_d16_hard_t_le_eabi.a(libc2.o)
 .text.libc.__RAL_ascii_wctomb
                0x0000000000003600        0xe /Applications/SEGGER Embedded Studio for ARM 4.12/lib/libc_v7em_fpv4_sp_d16_hard_t_le_eabi.a(libc2.o)
                0x0000000000003600                __RAL_ascii_wctomb
 .text.libc.__RAL_ascii_mbtowc
                0x000000000000360e       0x24 /Applications/SEGGER Embedded Studio for ARM 4.12/lib/libc_v7em_fpv4_sp_d16_hard_t_le_eabi.a(libc2.o)
                0x000000000000360e                __RAL_ascii_mbtowc
 *fill*         0x0000000000003632        0x2 
 .text.libc.__RAL_pow10
                0x0000000000003634       0x60 /Applications/SEGGER Embedded Studio for ARM 4.12/lib/libc_v7em_fpv4_sp_d16_hard_t_le_eabi.a(libc2.o)
                0x0000000000003634                __RAL_pow10
 .text.libc.__putc
                0x0000000000003694       0x34 /Applications/SEGGER Embedded Studio for ARM 4.12/lib/libc_v7em_fpv4_sp_d16_hard_t_le_eabi.a(libc2.o)
                0x0000000000003694                __putc
 .text.libc.__RAL_print_padding
                0x00000000000036c8       0x1c /Applications/SEGGER Embedded Studio for ARM 4.12/lib/libc_v7em_fpv4_sp_d16_hard_t_le_eabi.a(libc2.o)
                0x00000000000036c8                __RAL_print_padding
 .text.libc.__RAL_pre_padding
                0x00000000000036e4       0x1c /Applications/SEGGER Embedded Studio for ARM 4.12/lib/libc_v7em_fpv4_sp_d16_hard_t_le_eabi.a(libc2.o)
                0x00000000000036e4                __RAL_pre_padding
 .text.libc.abs
                0x0000000000003700        0x8 /Applications/SEGGER Embedded Studio for ARM 4.12/lib/libc_v7em_fpv4_sp_d16_hard_t_le_eabi.a(libc2.o)
                0x0000000000003700                abs
 .text.libc.__RAL_isctype
                0x0000000000003708       0x14 /Applications/SEGGER Embedded Studio for ARM 4.12/lib/libc_v7em_fpv4_sp_d16_hard_t_le_eabi.a(libc2.o)
                0x0000000000003708                __RAL_isctype
 .text.libc.isprint
                0x000000000000371c        0xa /Applications/SEGGER Embedded Studio for ARM 4.12/lib/libc_v7em_fpv4_sp_d16_hard_t_le_eabi.a(libc2.o)
                0x000000000000371c                isprint
 *fill*         0x0000000000003726        0x2 
 .text.libc.__aeabi_errno_addr
                0x0000000000003728       0x14 /Applications/SEGGER Embedded Studio for ARM 4.12/lib/libc_v7em_fpv4_sp_d16_hard_t_le_eabi.a(libc2.o)
                0x0000000000003728                __aeabi_errno_addr
 .text.libc.strnlen
                0x000000000000373c       0x20 /Applications/SEGGER Embedded Studio for ARM 4.12/lib/libc_v7em_fpv4_sp_d16_hard_t_le_eabi.a(libc2.o)
                0x000000000000373c                strnlen
 .text.libc.vsnprintf
                0x000000000000375c       0x1c /Applications/SEGGER Embedded Studio for ARM 4.12/lib/libc_v7em_fpv4_sp_d16_hard_t_le_eabi.a(libc2.o)
                0x000000000000375c                vsnprintf
 .text.libc.memcpy
                0x0000000000003778       0x52 /Applications/SEGGER Embedded Studio for ARM 4.12/lib/libc_v7em_fpv4_sp_d16_hard_t_le_eabi.a(libc2_asm.o)
                0x0000000000003778                memcpy
                0x0000000000003778                __aeabi_memcpy
                0x0000000000003784                __aeabi_memcpy4
                0x0000000000003784                __aeabi_memcpy8
 .text.libc.memset
                0x00000000000037ca       0x66 /Applications/SEGGER Embedded Studio for ARM 4.12/lib/libc_v7em_fpv4_sp_d16_hard_t_le_eabi.a(libc2_asm.o)
                0x00000000000037ca                memset
 .text.libc.strcpy
                0x0000000000003830       0x44 /Applications/SEGGER Embedded Studio for ARM 4.12/lib/libc_v7em_fpv4_sp_d16_hard_t_le_eabi.a(libc2_asm.o)
                0x0000000000003830                strcpy
 .text.libc.strlen
                0x0000000000003874       0x60 /Applications/SEGGER Embedded Studio for ARM 4.12/lib/libc_v7em_fpv4_sp_d16_hard_t_le_eabi.a(libc2_asm.o)
                0x0000000000003874                strlen
 .text.libc.__int64_udivmod
                0x00000000000038d4       0xce /Applications/SEGGER Embedded Studio for ARM 4.12/lib/libc_v7em_fpv4_sp_d16_hard_t_le_eabi.a(libc_asm.o)
                0x00000000000038d4                __int64_udivmod
                0x00000000000038d4                __aeabi_uldivmod
                0x00000000000038d4                __int64_udiv
                0x00000000000038d4                __udivdi3
 *fill*         0x00000000000039a2        0x6 
 .text.libc.__vfprintf_float_long
                0x00000000000039a8     0x11bc /Applications/SEGGER Embedded Studio for ARM 4.12/lib/libvfprintf_v7em_fpv4_sp_d16_hard_t_le_eabi.o
                0x00000000000039a8                __vfprintf_float_long
 .text.libc.frexp
                0x0000000000004b64       0x50 /Applications/SEGGER Embedded Studio for ARM 4.12/lib/libm_v7em_fpv4_sp_d16_hard_t_le_eabi.a(libm2.o)
                0x0000000000004b64                frexp(double, int*)
                0x0000000000004b64                frexp
 *fill*         0x0000000000004bb4        0x4 
 .text.libc.ldexp
                0x0000000000004bb8       0x7c /Applications/SEGGER Embedded Studio for ARM 4.12/lib/libm_v7em_fpv4_sp_d16_hard_t_le_eabi.a(libm2.o)
                0x0000000000004bb8                ldexp(double, int)
                0x0000000000004bb8                ldexp
 .text.libc.modf
                0x0000000000004c34       0x98 /Applications/SEGGER Embedded Studio for ARM 4.12/lib/libm_v7em_fpv4_sp_d16_hard_t_le_eabi.a(libm2.o)
                0x0000000000004c34                modf
                0x0000000000004c34                modf(double, double*)
 .text.libc.floor
                0x0000000000004ccc       0xac /Applications/SEGGER Embedded Studio for ARM 4.12/lib/libm_v7em_fpv4_sp_d16_hard_t_le_eabi.a(libm2.o)
                0x0000000000004ccc                floor
                0x0000000000004ccc                floor(double)
 .text.libc.fmod
                0x0000000000004d78      0x190 /Applications/SEGGER Embedded Studio for ARM 4.12/lib/libm_v7em_fpv4_sp_d16_hard_t_le_eabi.a(libm2.o)
                0x0000000000004d78                fmod(double, double)
                0x0000000000004d78                fmod
 .text.libc.fabs
                0x0000000000004f08        0xe /Applications/SEGGER Embedded Studio for ARM 4.12/lib/libm_v7em_fpv4_sp_d16_hard_t_le_eabi.a(libm2_asm.o)
                0x0000000000004f08                fabs
                0x0000000000004f08                fabs(double)
                0x0000000000004f16                __text_end__ = (__text_start__ + SIZEOF (.text))
                0x0000000000004b3e                __text_size__ = SIZEOF (.text)
                0x0000000000004f16                __text_load_end__ = __text_end__

.vfp11_veneer   0x0000000100000000        0x0
 .vfp11_veneer  0x0000000100000000        0x0 linker stubs

.v4_bx          0x0000000100000000        0x0
 .v4_bx         0x0000000100000000        0x0 linker stubs

.iplt           0x0000000100000000        0x0
 .iplt          0x0000000100000000        0x0 Output/twi_sensor_pca10040 Release/Obj/thumb_crt0.o
                0x0000000000000001                . = ASSERT (((__text_start__ == __text_end__) || ((__text_end__ >= __FLASH_segment_start__) && (__text_end__ <= __FLASH_segment_end__))), error: .text is too large to fit in FLASH memory segment)
                0x0000000000004f18                __log_const_data_load_start__ = ALIGN (__text_end__, 0x4)

.log_const_data
                0x0000000000004f18       0x28
                0x0000000000004f18                __log_const_data_start__ = .
                0x0000000000004f18                __start_log_const_data = __log_const_data_start__
 *(SORT_BY_NAME(.log_const_data*))
 .log_const_data_PRS
                0x0000000000004f18        0x8 Output/twi_sensor_pca10040 Release/Obj/nrfx_prs.o
                0x0000000000004f18                m_nrf_log_PRS_logs_data_const
 .log_const_data_TWIM
                0x0000000000004f20        0x8 Output/twi_sensor_pca10040 Release/Obj/nrfx_twim.o
                0x0000000000004f20                m_nrf_log_TWIM_logs_data_const
 .log_const_data_UART
                0x0000000000004f28        0x8 Output/twi_sensor_pca10040 Release/Obj/nrfx_uart.o
                0x0000000000004f28                m_nrf_log_UART_logs_data_const
 .log_const_data_UARTE
                0x0000000000004f30        0x8 Output/twi_sensor_pca10040 Release/Obj/nrfx_uarte.o
                0x0000000000004f30                m_nrf_log_UARTE_logs_data_const
 .log_const_data_app
                0x0000000000004f38        0x8 Output/twi_sensor_pca10040 Release/Obj/nrf_log_frontend.o
                0x0000000000004f38                m_nrf_log_app_logs_data_const
                0x0000000000004f40                __log_const_data_end__ = (__log_const_data_start__ + SIZEOF (.log_const_data))
                0x0000000000000028                __log_const_data_size__ = SIZEOF (.log_const_data)
                0x0000000000004f40                __stop_log_const_data = __log_const_data_end__
                0x0000000000004f40                __log_const_data_load_end__ = __log_const_data_end__
                0x0000000000000001                . = ASSERT (((__log_const_data_start__ == __log_const_data_end__) || ((__log_const_data_end__ >= __FLASH_segment_start__) && (__log_const_data_end__ <= __FLASH_segment_end__))), error: .log_const_data is too large to fit in FLASH memory segment)
                0x0000000000004f40                __log_backends_load_start__ = ALIGN (__log_const_data_end__, 0x4)

.log_backends   0x0000000000004f40       0x10
                0x0000000000004f40                __log_backends_start__ = .
                0x0000000000004f40                __start_log_backends = __log_backends_start__
 *(SORT_BY_NAME(.log_backends*))
 .log_backends  0x0000000000004f40       0x10 Output/twi_sensor_pca10040 Release/Obj/nrf_log_default_backends.o
                0x0000000000004f50                __log_backends_end__ = (__log_backends_start__ + SIZEOF (.log_backends))
                0x0000000000000010                __log_backends_size__ = SIZEOF (.log_backends)
                0x0000000000004f50                __stop_log_backends = __log_backends_end__
                0x0000000000004f50                __log_backends_load_end__ = __log_backends_end__
                0x0000000000000001                . = ASSERT (((__log_backends_start__ == __log_backends_end__) || ((__log_backends_end__ >= __FLASH_segment_start__) && (__log_backends_end__ <= __FLASH_segment_end__))), error: .log_backends is too large to fit in FLASH memory segment)
                0x0000000000004f50                __nrf_balloc_load_start__ = ALIGN (__log_backends_end__, 0x4)

.nrf_balloc     0x0000000000004f50       0x14
                0x0000000000004f50                __nrf_balloc_start__ = .
                0x0000000000004f50                __start_nrf_balloc = __nrf_balloc_start__
 *(.nrf_balloc*)
 .nrf_balloc    0x0000000000004f50       0x14 Output/twi_sensor_pca10040 Release/Obj/nrf_log_frontend.o
                0x0000000000004f50                log_mempool
                0x0000000000004f64                __nrf_balloc_end__ = (__nrf_balloc_start__ + SIZEOF (.nrf_balloc))
                0x0000000000000014                __nrf_balloc_size__ = SIZEOF (.nrf_balloc)
                0x0000000000004f64                __stop_nrf_balloc = __nrf_balloc_end__
                0x0000000000004f64                __nrf_balloc_load_end__ = __nrf_balloc_end__
                0x0000000000000001                . = ASSERT (((__nrf_balloc_start__ == __nrf_balloc_end__) || ((__nrf_balloc_end__ >= __FLASH_segment_start__) && (__nrf_balloc_end__ <= __FLASH_segment_end__))), error: .nrf_balloc is too large to fit in FLASH memory segment)
                0x0000000000004f64                __nrf_sections_load_start__ = ALIGN (__nrf_balloc_end__, 0x4)

.nrf_sections   0x0000000000004f64        0x0
                0x0000000000004f64                __nrf_sections_start__ = .
                0x0000000000004f64                __start_nrf_sections = __nrf_sections_start__
 *(.nrf_sections .nrf_sections.*)
                0x0000000000004f64                __nrf_sections_end__ = (__nrf_sections_start__ + SIZEOF (.nrf_sections))
                0x0000000000000000                __nrf_sections_size__ = SIZEOF (.nrf_sections)
                0x0000000000004f64                __nrf_sections_load_end__ = __nrf_sections_end__
                0x0000000000000001                . = ASSERT (((__nrf_sections_start__ == __nrf_sections_end__) || ((__nrf_sections_end__ >= __FLASH_segment_start__) && (__nrf_sections_end__ <= __FLASH_segment_end__))), error: .nrf_sections is too large to fit in FLASH memory segment)
                0x0000000000004f64                __log_dynamic_data_load_start__ = ALIGN (__nrf_sections_end__, 0x4)

.log_dynamic_data
                0x0000000020000000        0x0 load address 0x0000000000004f64
                0x0000000020000000                __log_dynamic_data_start__ = .
 *(SORT_BY_NAME(.log_dynamic_data*))
                0x0000000020000000                __log_dynamic_data_end__ = (__log_dynamic_data_start__ + SIZEOF (.log_dynamic_data))
                0x0000000000000000                __log_dynamic_data_size__ = SIZEOF (.log_dynamic_data)
                0x0000000000004f64                __log_dynamic_data_load_end__ = (__log_dynamic_data_load_start__ + SIZEOF (.log_dynamic_data))
                0x0000000000000001                . = ASSERT (((__log_dynamic_data_load_start__ == __log_dynamic_data_load_end__) || ((__log_dynamic_data_load_end__ >= __FLASH_segment_start__) && (__log_dynamic_data_load_end__ <= __FLASH_segment_end__))), error: .log_dynamic_data is too large to fit in FLASH memory segment)

.log_dynamic_data_run
                0x0000000020000000        0x0
                0x0000000020000000                __log_dynamic_data_run_start__ = .
                0x0000000020000000                __start_log_dynamic_data = __log_dynamic_data_run_start__
                0x0000000020000000                . = MAX ((__log_dynamic_data_run_start__ + SIZEOF (.log_dynamic_data)), .)
                0x0000000020000000                __log_dynamic_data_run_end__ = (__log_dynamic_data_run_start__ + SIZEOF (.log_dynamic_data_run))
                0x0000000000000000                __log_dynamic_data_run_size__ = SIZEOF (.log_dynamic_data_run)
                0x0000000020000000                __stop_log_dynamic_data = __log_dynamic_data_run_end__
                0x0000000020000000                __log_dynamic_data_run_load_end__ = __log_dynamic_data_run_end__
                0x0000000000000001                . = ASSERT (((__log_dynamic_data_run_start__ == __log_dynamic_data_run_end__) || ((__log_dynamic_data_run_end__ >= __RAM_segment_start__) && (__log_dynamic_data_run_end__ <= __RAM_segment_end__))), error: .log_dynamic_data_run is too large to fit in RAM memory segment)
                0x0000000000004f64                __log_filter_data_load_start__ = ALIGN ((__log_dynamic_data_load_start__ + SIZEOF (.log_dynamic_data)), 0x4)

.log_filter_data
                0x0000000020000000        0x0 load address 0x0000000000004f64
                0x0000000020000000                __log_filter_data_start__ = .
 *(SORT_BY_NAME(.log_filter_data*))
                0x0000000020000000                __log_filter_data_end__ = (__log_filter_data_start__ + SIZEOF (.log_filter_data))
                0x0000000000000000                __log_filter_data_size__ = SIZEOF (.log_filter_data)
                0x0000000000004f64                __log_filter_data_load_end__ = (__log_filter_data_load_start__ + SIZEOF (.log_filter_data))
                0x0000000000000001                . = ASSERT (((__log_filter_data_load_start__ == __log_filter_data_load_end__) || ((__log_filter_data_load_end__ >= __FLASH_segment_start__) && (__log_filter_data_load_end__ <= __FLASH_segment_end__))), error: .log_filter_data is too large to fit in FLASH memory segment)

.log_filter_data_run
                0x0000000020000000        0x0
                0x0000000020000000                __log_filter_data_run_start__ = .
                0x0000000020000000                __start_log_filter_data = __log_filter_data_run_start__
                0x0000000020000000                . = MAX ((__log_filter_data_run_start__ + SIZEOF (.log_filter_data)), .)
                0x0000000020000000                __log_filter_data_run_end__ = (__log_filter_data_run_start__ + SIZEOF (.log_filter_data_run))
                0x0000000000000000                __log_filter_data_run_size__ = SIZEOF (.log_filter_data_run)
                0x0000000020000000                __stop_log_filter_data = __log_filter_data_run_end__
                0x0000000020000000                __log_filter_data_run_load_end__ = __log_filter_data_run_end__
                0x0000000000000001                . = ASSERT (((__log_filter_data_run_start__ == __log_filter_data_run_end__) || ((__log_filter_data_run_end__ >= __RAM_segment_start__) && (__log_filter_data_run_end__ <= __RAM_segment_end__))), error: .log_filter_data_run is too large to fit in RAM memory segment)
                0x0000000020000000                __nrf_sections_run_end_load_start__ = ALIGN (__log_filter_data_run_end__, 0x4)

.nrf_sections_run_end
                0x0000000020000000        0x0
                0x0000000020000000                __nrf_sections_run_end_start__ = .
                0x0000000020000000                __end_nrf_sections_run = __nrf_sections_run_end_start__
 *(.nrf_sections_run_end .nrf_sections_run_end.*)
                0x0000000020000000                __nrf_sections_run_end_end__ = (__nrf_sections_run_end_start__ + SIZEOF (.nrf_sections_run_end))
                0x0000000000000000                __nrf_sections_run_end_size__ = SIZEOF (.nrf_sections_run_end)
                0x0000000020000000                __nrf_sections_run_end_load_end__ = __nrf_sections_run_end_end__
                0x0000000000000001                . = ASSERT (((__nrf_sections_run_end_start__ == __nrf_sections_run_end_end__) || ((__nrf_sections_run_end_end__ >= __RAM_segment_start__) && (__nrf_sections_run_end_end__ <= __RAM_segment_end__))), error: .nrf_sections_run_end is too large to fit in RAM memory segment)
                0x0000000000004f64                __dtors_load_start__ = ALIGN ((__log_filter_data_load_start__ + SIZEOF (.log_filter_data)), 0x4)

.dtors          0x0000000000004f64        0x0
                0x0000000000004f64                __dtors_start__ = .
 *(SORT_BY_NAME(.dtors.*))
 *(.dtors)
 *(.fini_array)
 *(SORT_BY_NAME(.fini_array.*))
                0x0000000000004f64                __dtors_end__ = (__dtors_start__ + SIZEOF (.dtors))
                0x0000000000000000                __dtors_size__ = SIZEOF (.dtors)
                0x0000000000004f64                __dtors_load_end__ = __dtors_end__
                0x0000000000000001                . = ASSERT (((__dtors_start__ == __dtors_end__) || ((__dtors_end__ >= __FLASH_segment_start__) && (__dtors_end__ <= __FLASH_segment_end__))), error: .dtors is too large to fit in FLASH memory segment)
                0x0000000000004f64                __ctors_load_start__ = ALIGN (__dtors_end__, 0x4)

.ctors          0x0000000000004f64        0x0
                0x0000000000004f64                __ctors_start__ = .
 *(SORT_BY_NAME(.ctors.*))
 *(.ctors)
 *(.init_array)
 *(SORT_BY_NAME(.init_array.*))
                0x0000000000004f64                __ctors_end__ = (__ctors_start__ + SIZEOF (.ctors))
                0x0000000000000000                __ctors_size__ = SIZEOF (.ctors)
                0x0000000000004f64                __ctors_load_end__ = __ctors_end__
                0x0000000000000001                . = ASSERT (((__ctors_start__ == __ctors_end__) || ((__ctors_end__ >= __FLASH_segment_start__) && (__ctors_end__ <= __FLASH_segment_end__))), error: .ctors is too large to fit in FLASH memory segment)
                0x0000000000004f64                __rodata_load_start__ = ALIGN (__ctors_end__, 0x4)

.rodata         0x0000000000004f64      0x634
                0x0000000000004f64                __rodata_start__ = .
 *(.rodata .rodata.* .gnu.linkonce.r.*)
 .rodata        0x0000000000004f64       0x20 Output/twi_sensor_pca10040 Release/Obj/nrf_log_backend_uart.o
 .rodata.nrf_log_backend_uart_api
                0x0000000000004f84        0xc Output/twi_sensor_pca10040 Release/Obj/nrf_log_backend_uart.o
                0x0000000000004f84                nrf_log_backend_uart_api
 .rodata.str1.1
                0x0000000000004f90       0x11 Output/twi_sensor_pca10040 Release/Obj/nrf_log_default_backends.o
 *fill*         0x0000000000004fa1        0x3 
 .rodata.m_log_push_ringbuf
                0x0000000000004fa4        0xc Output/twi_sensor_pca10040 Release/Obj/nrf_log_frontend.o
 .rodata.nrf_log_frontend_dequeue.str1.1
                0x0000000000004fb0       0x11 Output/twi_sensor_pca10040 Release/Obj/nrf_log_frontend.o
 .rodata.str1.1
                0x0000000000004fc1        0x4 Output/twi_sensor_pca10040 Release/Obj/nrf_log_frontend.o
 *fill*         0x0000000000004fc5        0x3 
 .rodata.m_colors
                0x0000000000004fc8       0x24 Output/twi_sensor_pca10040 Release/Obj/nrf_log_str_formatter.o
 .rodata.nrf_log_hexdump_entry_process.str1.1
                0x0000000000004fec        0xf Output/twi_sensor_pca10040 Release/Obj/nrf_log_str_formatter.o
                                         0x11 (size before relaxing)
 .rodata.postfix_process.str1.1
                0x0000000000004ffb        0x8 Output/twi_sensor_pca10040 Release/Obj/nrf_log_str_formatter.o
                                          0xb (size before relaxing)
 .rodata.prefix_process.str1.1
                0x0000000000005003       0x2a Output/twi_sensor_pca10040 Release/Obj/nrf_log_str_formatter.o
 *fill*         0x000000000000502d        0x3 
 .rodata.severity_names
                0x0000000000005030       0x14 Output/twi_sensor_pca10040 Release/Obj/nrf_log_str_formatter.o
 .rodata.str1.1
                0x0000000000005044       0x4b Output/twi_sensor_pca10040 Release/Obj/nrf_log_str_formatter.o
                                         0x51 (size before relaxing)
 .rodata.app_error_fault_handler.str1.1
                0x000000000000508f       0x19 Output/twi_sensor_pca10040 Release/Obj/app_error_weak.o
 .rodata._aV2C.7427
                0x00000000000050a8       0x10 Output/twi_sensor_pca10040 Release/Obj/nrf_fprintf_format.o
 *fill*         0x00000000000050b8        0x8 
 .rodata.delay_bytecode.7493
                0x00000000000050c0        0x6 Output/twi_sensor_pca10040 Release/Obj/nrf_drv_twi.o
 .rodata.str1.1
                0x00000000000050c6        0x4 Output/twi_sensor_pca10040 Release/Obj/nrfx_prs.o
 .rodata.str1.1
                0x00000000000050ca        0x5 Output/twi_sensor_pca10040 Release/Obj/nrfx_twim.o
 .rodata.str1.1
                0x00000000000050cf        0x5 Output/twi_sensor_pca10040 Release/Obj/nrfx_uart.o
 .rodata.str1.1
                0x00000000000050d4        0x6 Output/twi_sensor_pca10040 Release/Obj/nrfx_uarte.o
 *fill*         0x00000000000050da        0x6 
 .rodata.delay_bytecode.7493
                0x00000000000050e0        0x6 Output/twi_sensor_pca10040 Release/Obj/main.o
 *fill*         0x00000000000050e6        0x2 
 .rodata.m_twi  0x00000000000050e8       0x10 Output/twi_sensor_pca10040 Release/Obj/main.o
 .rodata.main.str1.1
                0x00000000000050f8       0x68 Output/twi_sensor_pca10040 Release/Obj/main.o
 .rodata._DoInit.str1.1
                0x0000000000005160       0x14 Output/twi_sensor_pca10040 Release/Obj/SEGGER_RTT.o
 .rodata.ADXL345_Check_Status.str1.1
                0x0000000000005174       0x69 Output/twi_sensor_pca10040 Release/Obj/ADXL345.o
 .rodata.ADXL345_I2C_Activity_Threshold.str1.1
                0x00000000000051dd        0x9 Output/twi_sensor_pca10040 Release/Obj/ADXL345.o
 .rodata.ADXL345_I2C_Inactivity_Threshold.str1.1
                0x00000000000051e6        0xb Output/twi_sensor_pca10040 Release/Obj/ADXL345.o
 .rodata.ADXL345_I2C_Init_Measure_Mode.str1.1
                0x00000000000051f1        0x8 Output/twi_sensor_pca10040 Release/Obj/ADXL345.o
 .rodata.ADXL345_I2C_Normal_Mode.str1.1
                0x00000000000051f9        0x7 Output/twi_sensor_pca10040 Release/Obj/ADXL345.o
 .rodata.ADXL345_I2C_Set_Format.str1.1
                0x0000000000005200        0xa Output/twi_sensor_pca10040 Release/Obj/ADXL345.o
 .rodata.ADXL345_I2C_Sleep_Mode.str1.1
                0x000000000000520a        0x6 Output/twi_sensor_pca10040 Release/Obj/ADXL345.o
 .rodata.libc.__float64_nan
                0x0000000000005210        0x8 /Applications/SEGGER Embedded Studio for ARM 4.12/lib/libm_v7em_fpv4_sp_d16_hard_t_le_eabi.a(libm_asm.o)
                0x0000000000005210                __float64_nan
 .rodata.libc.__RAL_ascii_ctype_map
                0x0000000000005218       0x80 /Applications/SEGGER Embedded Studio for ARM 4.12/lib/libc_v7em_fpv4_sp_d16_hard_t_le_eabi.a(libc2.o)
                0x0000000000005218                __RAL_ascii_ctype_map
 .rodata.libc.__RAL_ascii_ctype_mask
                0x0000000000005298        0xd /Applications/SEGGER Embedded Studio for ARM 4.12/lib/libc_v7em_fpv4_sp_d16_hard_t_le_eabi.a(libc2.o)
 *fill*         0x00000000000052a5        0x3 
 .rodata.libc.__RAL_c_locale
                0x00000000000052a8        0xc /Applications/SEGGER Embedded Studio for ARM 4.12/lib/libc_v7em_fpv4_sp_d16_hard_t_le_eabi.a(libc2.o)
                0x00000000000052a8                __RAL_c_locale
 .rodata.libc.__RAL_c_locale_abbrev_day_names
                0x00000000000052b4       0x1d /Applications/SEGGER Embedded Studio for ARM 4.12/lib/libc_v7em_fpv4_sp_d16_hard_t_le_eabi.a(libc2.o)
                0x00000000000052b4                __RAL_c_locale_abbrev_day_names
 *fill*         0x00000000000052d1        0x3 
 .rodata.libc.__RAL_c_locale_abbrev_month_names
                0x00000000000052d4       0x31 /Applications/SEGGER Embedded Studio for ARM 4.12/lib/libc_v7em_fpv4_sp_d16_hard_t_le_eabi.a(libc2.o)
                0x00000000000052d4                __RAL_c_locale_abbrev_month_names
 *fill*         0x0000000000005305        0x3 
 .rodata.libc.__RAL_c_locale_am_pm_indicator
                0x0000000000005308        0x7 /Applications/SEGGER Embedded Studio for ARM 4.12/lib/libc_v7em_fpv4_sp_d16_hard_t_le_eabi.a(libc2.o)
                0x0000000000005308                __RAL_c_locale_am_pm_indicator
 *fill*         0x000000000000530f        0x1 
 .rodata.libc.__RAL_c_locale_data
                0x0000000000005310       0x58 /Applications/SEGGER Embedded Studio for ARM 4.12/lib/libc_v7em_fpv4_sp_d16_hard_t_le_eabi.a(libc2.o)
                0x0000000000005310                __RAL_c_locale_data
 .rodata.libc.__RAL_c_locale_date_format
                0x0000000000005368        0x9 /Applications/SEGGER Embedded Studio for ARM 4.12/lib/libc_v7em_fpv4_sp_d16_hard_t_le_eabi.a(libc2.o)
                0x0000000000005368                __RAL_c_locale_date_format
 *fill*         0x0000000000005371        0x3 
 .rodata.libc.__RAL_c_locale_date_time_format
                0x0000000000005374        0xf /Applications/SEGGER Embedded Studio for ARM 4.12/lib/libc_v7em_fpv4_sp_d16_hard_t_le_eabi.a(libc2.o)
                0x0000000000005374                __RAL_c_locale_date_time_format
 *fill*         0x0000000000005383        0x1 
 .rodata.libc.__RAL_c_locale_day_names
                0x0000000000005384       0x3a /Applications/SEGGER Embedded Studio for ARM 4.12/lib/libc_v7em_fpv4_sp_d16_hard_t_le_eabi.a(libc2.o)
                0x0000000000005384                __RAL_c_locale_day_names
 *fill*         0x00000000000053be        0x2 
 .rodata.libc.__RAL_c_locale_month_names
                0x00000000000053c0       0x57 /Applications/SEGGER Embedded Studio for ARM 4.12/lib/libc_v7em_fpv4_sp_d16_hard_t_le_eabi.a(libc2.o)
                0x00000000000053c0                __RAL_c_locale_month_names
 *fill*         0x0000000000005417        0x1 
 .rodata.libc.__RAL_c_locale_time_format
                0x0000000000005418        0x9 /Applications/SEGGER Embedded Studio for ARM 4.12/lib/libc_v7em_fpv4_sp_d16_hard_t_le_eabi.a(libc2.o)
                0x0000000000005418                __RAL_c_locale_time_format
 *fill*         0x0000000000005421        0x3 
 .rodata.libc.__RAL_codeset_ascii
                0x0000000000005424       0x20 /Applications/SEGGER Embedded Studio for ARM 4.12/lib/libc_v7em_fpv4_sp_d16_hard_t_le_eabi.a(libc2.o)
                0x0000000000005424                __RAL_codeset_ascii
 .rodata.libc.__RAL_data_empty_string
                0x0000000000005444        0x1 /Applications/SEGGER Embedded Studio for ARM 4.12/lib/libc_v7em_fpv4_sp_d16_hard_t_le_eabi.a(libc2.o)
                0x0000000000005444                __RAL_data_empty_string
 *fill*         0x0000000000005445        0x3 
 .rodata.libc.__RAL_data_utf8_period
                0x0000000000005448        0x2 /Applications/SEGGER Embedded Studio for ARM 4.12/lib/libc_v7em_fpv4_sp_d16_hard_t_le_eabi.a(libc2.o)
                0x0000000000005448                __RAL_data_utf8_period
 *fill*         0x000000000000544a        0x2 
 .rodata.libc.__RAL_find_locale.str1.4
                0x000000000000544c        0xa /Applications/SEGGER Embedded Studio for ARM 4.12/lib/libc_v7em_fpv4_sp_d16_hard_t_le_eabi.a(libc2.o)
 *fill*         0x0000000000005456        0x2 
 .rodata.libc.__RAL_hex_lc
                0x0000000000005458       0x10 /Applications/SEGGER Embedded Studio for ARM 4.12/lib/libc_v7em_fpv4_sp_d16_hard_t_le_eabi.a(libc2.o)
                0x0000000000005458                __RAL_hex_lc
 .rodata.libc.__RAL_hex_uc
                0x0000000000005468       0x10 /Applications/SEGGER Embedded Studio for ARM 4.12/lib/libc_v7em_fpv4_sp_d16_hard_t_le_eabi.a(libc2.o)
                0x0000000000005468                __RAL_hex_uc
 .rodata.libc.__aeabi_EDOM
                0x0000000000005478        0x4 /Applications/SEGGER Embedded Studio for ARM 4.12/lib/libc_v7em_fpv4_sp_d16_hard_t_le_eabi.a(libc2.o)
                0x0000000000005478                __aeabi_EDOM
 .rodata.libc.__aeabi_ERANGE
                0x000000000000547c        0x4 /Applications/SEGGER Embedded Studio for ARM 4.12/lib/libc_v7em_fpv4_sp_d16_hard_t_le_eabi.a(libc2.o)
                0x000000000000547c                __aeabi_ERANGE
 .rodata.libc.power
                0x0000000000005480       0x48 /Applications/SEGGER Embedded Studio for ARM 4.12/lib/libc_v7em_fpv4_sp_d16_hard_t_le_eabi.a(libc2.o)
 .rodata.libc.__vfprintf_float_long.str1.4
                0x00000000000054c8       0x28 /Applications/SEGGER Embedded Studio for ARM 4.12/lib/libvfprintf_v7em_fpv4_sp_d16_hard_t_le_eabi.o
 .rodata.libc.__vfprintf_int.str1.4
                0x00000000000054f0        0x8 /Applications/SEGGER Embedded Studio for ARM 4.12/lib/libvfprintf_v7em_fpv4_sp_d16_hard_t_le_eabi.o
                                          0x7 (size before relaxing)
 .rodata.libc.ipow10
                0x00000000000054f8       0xa0 /Applications/SEGGER Embedded Studio for ARM 4.12/lib/libvfprintf_v7em_fpv4_sp_d16_hard_t_le_eabi.o
                0x0000000000005598                __rodata_end__ = (__rodata_start__ + SIZEOF (.rodata))
                0x0000000000000634                __rodata_size__ = SIZEOF (.rodata)
                0x0000000000005598                __rodata_load_end__ = __rodata_end__

.rel.dyn        0x0000000000005598        0x0
 .rel.iplt      0x0000000000005598        0x0 Output/twi_sensor_pca10040 Release/Obj/thumb_crt0.o
                0x0000000000000001                . = ASSERT (((__rodata_start__ == __rodata_end__) || ((__rodata_end__ >= __FLASH_segment_start__) && (__rodata_end__ <= __FLASH_segment_end__))), error: .rodata is too large to fit in FLASH memory segment)
                0x0000000000005598                __ARM.exidx_load_start__ = ALIGN (__rodata_end__, 0x4)

.ARM.exidx      0x0000000000005598        0x0
                0x0000000000005598                __ARM.exidx_start__ = .
                0x0000000000005598                __exidx_start = __ARM.exidx_start__
 *(.ARM.exidx .ARM.exidx.*)
                0x0000000000005598                __ARM.exidx_end__ = (__ARM.exidx_start__ + SIZEOF (.ARM.exidx))
                0x0000000000000000                __ARM.exidx_size__ = SIZEOF (.ARM.exidx)
                0x0000000000005598                __exidx_end = __ARM.exidx_end__
                0x0000000000005598                __ARM.exidx_load_end__ = __ARM.exidx_end__
                0x0000000000000001                . = ASSERT (((__ARM.exidx_start__ == __ARM.exidx_end__) || ((__ARM.exidx_end__ >= __FLASH_segment_start__) && (__ARM.exidx_end__ <= __FLASH_segment_end__))), error: .ARM.exidx is too large to fit in FLASH memory segment)
                0x0000000000005598                __fast_load_start__ = ALIGN (__ARM.exidx_end__, 0x4)

.fast           0x0000000020000000        0x0 load address 0x0000000000005598
                0x0000000020000000                __fast_start__ = .
 *(.fast .fast.*)
                0x0000000020000000                __fast_end__ = (__fast_start__ + SIZEOF (.fast))
                0x0000000000000000                __fast_size__ = SIZEOF (.fast)
                0x0000000000005598                __fast_load_end__ = (__fast_load_start__ + SIZEOF (.fast))
                0x0000000000000001                . = ASSERT (((__fast_load_start__ == __fast_load_end__) || ((__fast_load_end__ >= __FLASH_segment_start__) && (__fast_load_end__ <= __FLASH_segment_end__))), error: .fast is too large to fit in FLASH memory segment)

.fast_run       0x0000000020000000        0x0
                0x0000000020000000                __fast_run_start__ = .
                0x0000000020000000                . = MAX ((__fast_run_start__ + SIZEOF (.fast)), .)
                0x0000000020000000                __fast_run_end__ = (__fast_run_start__ + SIZEOF (.fast_run))
                0x0000000000000000                __fast_run_size__ = SIZEOF (.fast_run)
                0x0000000020000000                __fast_run_load_end__ = __fast_run_end__
                0x0000000000000001                . = ASSERT (((__fast_run_start__ == __fast_run_end__) || ((__fast_run_end__ >= __RAM_segment_start__) && (__fast_run_end__ <= __RAM_segment_end__))), error: .fast_run is too large to fit in RAM memory segment)
                0x0000000000005598                __data_load_start__ = ALIGN ((__fast_load_start__ + SIZEOF (.fast)), 0x4)

.data           0x0000000020000000       0x34 load address 0x0000000000005598
                0x0000000020000000                __data_start__ = .
 *(.data .data.* .gnu.linkonce.d.*)
 .data.m_uart   0x0000000020000000       0x14 Output/twi_sensor_pca10040 Release/Obj/nrf_log_backend_uart.o
                0x0000000020000000                m_uart
 .data.log_backend_cb_uart_log_backend
                0x0000000020000014        0x8 Output/twi_sensor_pca10040 Release/Obj/nrf_log_default_backends.o
 .data.SystemCoreClock
                0x000000002000001c        0x4 Output/twi_sensor_pca10040 Release/Obj/system_nrf52.o
                0x000000002000001c                SystemCoreClock
 .data.libc.__RAL_global_locale
                0x0000000020000020       0x14 /Applications/SEGGER Embedded Studio for ARM 4.12/lib/libc_v7em_fpv4_sp_d16_hard_t_le_eabi.a(libc2.o)
                0x0000000020000020                __RAL_global_locale
                0x0000000020000034                __data_end__ = (__data_start__ + SIZEOF (.data))
                0x0000000000000034                __data_size__ = SIZEOF (.data)
                0x00000000000055cc                __data_load_end__ = (__data_load_start__ + SIZEOF (.data))

.igot.plt       0x0000000100000000        0x0
 .igot.plt      0x0000000100000000        0x0 Output/twi_sensor_pca10040 Release/Obj/thumb_crt0.o
                0x0000000000000001                . = ASSERT (((__data_load_start__ == __data_load_end__) || ((__data_load_end__ >= __FLASH_segment_start__) && (__data_load_end__ <= __FLASH_segment_end__))), error: .data is too large to fit in FLASH memory segment)

.data_run       0x0000000020000000       0x34 load address 0x0000000000005598
                0x0000000020000000                __data_run_start__ = .
                0x0000000020000034                . = MAX ((__data_run_start__ + SIZEOF (.data)), .)
 *fill*         0x0000000020000000       0x34 
                0x0000000020000034                __data_run_end__ = (__data_run_start__ + SIZEOF (.data_run))
                0x0000000000000034                __data_run_size__ = SIZEOF (.data_run)
                0x0000000020000034                __data_run_load_end__ = __data_run_end__
                0x0000000000000001                . = ASSERT (((__data_run_start__ == __data_run_end__) || ((__data_run_end__ >= __RAM_segment_start__) && (__data_run_end__ <= __RAM_segment_end__))), error: .data_run is too large to fit in RAM memory segment)
                0x00000000000055cc                __tdata_load_start__ = ALIGN ((__data_load_start__ + SIZEOF (.data)), 0x4)

.tdata          0x0000000020000034        0x0 load address 0x00000000000055cc
                0x0000000020000034                __tdata_start__ = .
 *(.tdata .tdata.*)
                0x0000000020000034                __tdata_end__ = (__tdata_start__ + SIZEOF (.tdata))
                0x0000000000000000                __tdata_size__ = SIZEOF (.tdata)
                0x00000000000055cc                __tdata_load_end__ = (__tdata_load_start__ + SIZEOF (.tdata))
                0x00000000000055cc                __FLASH_segment_used_end__ = (ALIGN ((__data_load_start__ + SIZEOF (.data)), 0x4) + SIZEOF (.tdata))
                0x00000000000055cc                __FLASH_segment_used_size__ = (__FLASH_segment_used_end__ - __FLASH_segment_start__)
                0x0000000000000001                . = ASSERT (((__tdata_load_start__ == __tdata_load_end__) || ((__tdata_load_end__ >= __FLASH_segment_start__) && (__tdata_load_end__ <= __FLASH_segment_end__))), error: .tdata is too large to fit in FLASH memory segment)

.tdata_run      0x0000000020000034        0x0
                0x0000000020000034                __tdata_run_start__ = .
                0x0000000020000034                . = MAX ((__tdata_run_start__ + SIZEOF (.tdata)), .)
                0x0000000020000034                __tdata_run_end__ = (__tdata_run_start__ + SIZEOF (.tdata_run))
                0x0000000000000000                __tdata_run_size__ = SIZEOF (.tdata_run)
                0x0000000020000034                __tdata_run_load_end__ = __tdata_run_end__
                0x0000000000000001                . = ASSERT (((__tdata_run_start__ == __tdata_run_end__) || ((__tdata_run_end__ >= __RAM_segment_start__) && (__tdata_run_end__ <= __RAM_segment_end__))), error: .tdata_run is too large to fit in RAM memory segment)
                0x0000000020000034                __bss_load_start__ = ALIGN (__tdata_run_end__, 0x4)

.bss            0x0000000020000034      0x914
                0x0000000020000034                __bss_start__ = .
 *(.bss .bss.* .gnu.linkonce.b.*)
 .bss.m_async_mode
                0x0000000020000034        0x1 Output/twi_sensor_pca10040 Release/Obj/nrf_log_backend_uart.o
 .bss.m_string_buff
                0x0000000020000035       0x40 Output/twi_sensor_pca10040 Release/Obj/nrf_log_backend_uart.o
 .bss.m_xfer_done
                0x0000000020000075        0x1 Output/twi_sensor_pca10040 Release/Obj/nrf_log_backend_uart.o
 *fill*         0x0000000020000076        0x2 
 .bss.log_mempool_nrf_balloc_cb
                0x0000000020000078        0x8 Output/twi_sensor_pca10040 Release/Obj/nrf_log_frontend.o
 .bss.log_mempool_nrf_balloc_pool_mem
                0x0000000020000080       0xc0 Output/twi_sensor_pca10040 Release/Obj/nrf_log_frontend.o
 .bss.log_mempool_nrf_balloc_pool_stack
                0x0000000020000140        0x8 Output/twi_sensor_pca10040 Release/Obj/nrf_log_frontend.o
 .bss.m_log_data
                0x0000000020000148      0x424 Output/twi_sensor_pca10040 Release/Obj/nrf_log_frontend.o
 .bss.m_log_push_ringbuf_buf
                0x000000002000056c       0x80 Output/twi_sensor_pca10040 Release/Obj/nrf_log_frontend.o
 .bss.m_log_push_ringbuf_cb
                0x00000000200005ec       0x18 Output/twi_sensor_pca10040 Release/Obj/nrf_log_frontend.o
 .bss.m_in_critical_region
                0x0000000020000604        0x4 Output/twi_sensor_pca10040 Release/Obj/app_util_platform.o
 .bss.m_contexts
                0x0000000020000608        0x8 Output/twi_sensor_pca10040 Release/Obj/nrf_drv_twi.o
 .bss.m_handlers
                0x0000000020000610        0x8 Output/twi_sensor_pca10040 Release/Obj/nrf_drv_twi.o
 .bss.m_contexts
                0x0000000020000618        0x4 Output/twi_sensor_pca10040 Release/Obj/nrf_drv_uart.o
 .bss.m_handlers
                0x000000002000061c        0x4 Output/twi_sensor_pca10040 Release/Obj/nrf_drv_uart.o
 .bss.nrf_drv_uart_use_easy_dma
                0x0000000020000620        0x1 Output/twi_sensor_pca10040 Release/Obj/nrf_drv_uart.o
                0x0000000020000620                nrf_drv_uart_use_easy_dma
 *fill*         0x0000000020000621        0x3 
 .bss.m_prs_box_4
                0x0000000020000624        0x8 Output/twi_sensor_pca10040 Release/Obj/nrfx_prs.o
 .bss.m_cb      0x000000002000062c       0x34 Output/twi_sensor_pca10040 Release/Obj/nrfx_twim.o
 .bss.m_cb      0x0000000020000660       0x2c Output/twi_sensor_pca10040 Release/Obj/nrfx_uart.o
 .bss.m_cb      0x000000002000068c       0x24 Output/twi_sensor_pca10040 Release/Obj/nrfx_uarte.o
 .bss._SEGGER_RTT
                0x00000000200006b0       0x78 Output/twi_sensor_pca10040 Release/Obj/SEGGER_RTT.o
                0x00000000200006b0                _SEGGER_RTT
 .bss._acDownBuffer
                0x0000000020000728       0x10 Output/twi_sensor_pca10040 Release/Obj/SEGGER_RTT.o
 .bss._acUpBuffer
                0x0000000020000738      0x200 Output/twi_sensor_pca10040 Release/Obj/SEGGER_RTT.o
 .bss.m_sample  0x0000000020000938        0x6 Output/twi_sensor_pca10040 Release/Obj/ADXL345.o
 *fill*         0x000000002000093e        0x2 
 .bss.p_twi_master
                0x0000000020000940        0x4 Output/twi_sensor_pca10040 Release/Obj/ADXL345.o
 .bss.libc.__user_format_extender
                0x0000000020000944        0x4 /Applications/SEGGER Embedded Studio for ARM 4.12/lib/libc_v7em_fpv4_sp_d16_hard_t_le_eabi.a(libc2.o)
                0x0000000020000944                __user_format_extender
 *(COMMON)
                0x0000000020000948                __bss_end__ = (__bss_start__ + SIZEOF (.bss))
                0x0000000000000914                __bss_size__ = SIZEOF (.bss)
                0x0000000020000948                __bss_load_end__ = __bss_end__
                0x0000000000000001                . = ASSERT (((__bss_start__ == __bss_end__) || ((__bss_end__ >= __RAM_segment_start__) && (__bss_end__ <= __RAM_segment_end__))), error: .bss is too large to fit in RAM memory segment)
                0x0000000020000948                __tbss_load_start__ = ALIGN (__bss_end__, 0x4)

.tbss           0x0000000020000948        0x4
                0x0000000020000948                __tbss_start__ = .
 *(.tbss .tbss.*)
 .tbss.errno_val
                0x0000000020000948        0x4 /Applications/SEGGER Embedded Studio for ARM 4.12/lib/libc_v7em_fpv4_sp_d16_hard_t_le_eabi.a(libc2.o)
                0x000000002000094c                __tbss_end__ = (__tbss_start__ + SIZEOF (.tbss))
                0x0000000000000004                __tbss_size__ = SIZEOF (.tbss)
                0x000000002000094c                __tbss_load_end__ = __tbss_end__
                0x0000000000000001                . = ASSERT (((__tbss_start__ == __tbss_end__) || ((__tbss_end__ >= __RAM_segment_start__) && (__tbss_end__ <= __RAM_segment_end__))), error: .tbss is too large to fit in RAM memory segment)
                0x000000002000094c                __non_init_load_start__ = ALIGN (__tbss_end__, 0x4)

.non_init       0x000000002000094c        0x0
                0x000000002000094c                __non_init_start__ = .
 *(.non_init .non_init.*)
                0x000000002000094c                __non_init_end__ = (__non_init_start__ + SIZEOF (.non_init))
                0x0000000000000000                __non_init_size__ = SIZEOF (.non_init)
                0x000000002000094c                __non_init_load_end__ = __non_init_end__
                0x0000000000000001                . = ASSERT (((__non_init_start__ == __non_init_end__) || ((__non_init_end__ >= __RAM_segment_start__) && (__non_init_end__ <= __RAM_segment_end__))), error: .non_init is too large to fit in RAM memory segment)
                0x000000002000094c                __heap_load_start__ = ALIGN (__non_init_end__, 0x4)

.heap           0x000000002000094c     0x2000
                0x000000002000094c                __heap_start__ = .
 *(.heap .heap.*)
                0x000000002000294c                . = ALIGN (MAX ((__heap_start__ + __HEAPSIZE__), .), 0x4)
 *fill*         0x000000002000094c     0x2000 
                0x000000002000294c                __heap_end__ = (__heap_start__ + SIZEOF (.heap))
                0x0000000000002000                __heap_size__ = SIZEOF (.heap)
                0x000000002000294c                __heap_load_end__ = __heap_end__
                0x0000000000000001                . = ASSERT (((__heap_start__ == __heap_end__) || ((__heap_end__ >= __RAM_segment_start__) && (__heap_end__ <= __RAM_segment_end__))), error: .heap is too large to fit in RAM memory segment)
                0x000000002000e000                __stack_load_start__ = (__RAM_segment_end__ - 0x2000)

.stack          0x000000002000e000     0x2000
                0x000000002000e000                __stack_start__ = .
                0x000000002000e000                __StackLimit = __stack_start__
 *(.stack .stack.*)
                0x0000000020010000                . = ALIGN (MAX ((__stack_start__ + __STACKSIZE__), .), 0x8)
 *fill*         0x000000002000e000     0x2000 
                0x0000000020010000                __stack_end__ = (__stack_start__ + SIZEOF (.stack))
                0x0000000000002000                __stack_size__ = SIZEOF (.stack)
                0x0000000020010000                __StackTop = __stack_end__
                0x0000000020010000                __stack_load_end__ = __stack_end__
                0x0000000000000001                . = ASSERT (((__stack_start__ == __stack_end__) || ((__stack_end__ >= __RAM_segment_start__) && (__stack_end__ <= __RAM_segment_end__))), error: .stack is too large to fit in RAM memory segment)
                0x0000000000000001                . = ASSERT ((__heap_end__ <= __stack_start__), error: section .heap overlaps absolute placed section .stack)
                0x0000000020010000                __stack_process_load_start__ = ALIGN (__stack_end__, 0x8)

.stack_process  0x0000000020010000        0x0
                0x0000000020010000                __stack_process_start__ = .
 *(.stack_process .stack_process.*)
                0x0000000020010000                . = ALIGN (MAX ((__stack_process_start__ + __STACKSIZE_PROCESS__), .), 0x8)
                0x0000000020010000                __stack_process_end__ = (__stack_process_start__ + SIZEOF (.stack_process))
                0x0000000000000000                __stack_process_size__ = SIZEOF (.stack_process)
                0x0000000020010000                __stack_process_load_end__ = __stack_process_end__
                0x0000000020010000                __RAM_segment_used_end__ = (ALIGN (__stack_end__, 0x8) + SIZEOF (.stack_process))
                0x0000000000010000                __RAM_segment_used_size__ = (__RAM_segment_used_end__ - __RAM_segment_start__)
                0x0000000000000001                . = ASSERT (((__stack_process_start__ == __stack_process_end__) || ((__stack_process_end__ >= __RAM_segment_start__) && (__stack_process_end__ <= __RAM_segment_end__))), error: .stack_process is too large to fit in RAM memory segment)
START GROUP
LOAD Output/twi_sensor_pca10040 Release/Obj/thumb_crt0.o
LOAD Output/twi_sensor_pca10040 Release/Obj/nrf_log_backend_rtt.o
LOAD Output/twi_sensor_pca10040 Release/Obj/nrf_log_backend_serial.o
LOAD Output/twi_sensor_pca10040 Release/Obj/nrf_log_backend_uart.o
LOAD Output/twi_sensor_pca10040 Release/Obj/nrf_log_default_backends.o
LOAD Output/twi_sensor_pca10040 Release/Obj/nrf_log_frontend.o
LOAD Output/twi_sensor_pca10040 Release/Obj/nrf_log_str_formatter.o
LOAD Output/twi_sensor_pca10040 Release/Obj/boards.o
LOAD Output/twi_sensor_pca10040 Release/Obj/app_error.o
LOAD Output/twi_sensor_pca10040 Release/Obj/app_error_handler_gcc.o
LOAD Output/twi_sensor_pca10040 Release/Obj/app_error_weak.o
LOAD Output/twi_sensor_pca10040 Release/Obj/app_util_platform.o
LOAD Output/twi_sensor_pca10040 Release/Obj/nrf_assert.o
LOAD Output/twi_sensor_pca10040 Release/Obj/nrf_atomic.o
LOAD Output/twi_sensor_pca10040 Release/Obj/nrf_balloc.o
LOAD Output/twi_sensor_pca10040 Release/Obj/nrf_fprintf.o
LOAD Output/twi_sensor_pca10040 Release/Obj/nrf_fprintf_format.o
LOAD Output/twi_sensor_pca10040 Release/Obj/nrf_memobj.o
LOAD Output/twi_sensor_pca10040 Release/Obj/nrf_ringbuf.o
LOAD Output/twi_sensor_pca10040 Release/Obj/nrf_strerror.o
LOAD Output/twi_sensor_pca10040 Release/Obj/nrf_drv_twi.o
LOAD Output/twi_sensor_pca10040 Release/Obj/nrf_drv_uart.o
LOAD Output/twi_sensor_pca10040 Release/Obj/nrfx_prs.o
LOAD Output/twi_sensor_pca10040 Release/Obj/nrfx_twi.o
LOAD Output/twi_sensor_pca10040 Release/Obj/nrfx_twim.o
LOAD Output/twi_sensor_pca10040 Release/Obj/nrfx_uart.o
LOAD Output/twi_sensor_pca10040 Release/Obj/nrfx_uarte.o
LOAD Output/twi_sensor_pca10040 Release/Obj/main.o
LOAD Output/twi_sensor_pca10040 Release/Obj/SEGGER_RTT.o
LOAD Output/twi_sensor_pca10040 Release/Obj/SEGGER_RTT_Syscalls_SES.o
LOAD Output/twi_sensor_pca10040 Release/Obj/SEGGER_RTT_printf.o
LOAD Output/twi_sensor_pca10040 Release/Obj/ses_startup_nrf52.o
LOAD Output/twi_sensor_pca10040 Release/Obj/ses_startup_nrf_common.o
LOAD Output/twi_sensor_pca10040 Release/Obj/system_nrf52.o
LOAD Output/twi_sensor_pca10040 Release/Obj/ADXL345.o
LOAD /Applications/SEGGER Embedded Studio for ARM 4.12/lib/libdebugio_mempoll_v7em_fpv4_sp_d16_hard_t_le_eabi.a
LOAD /Applications/SEGGER Embedded Studio for ARM 4.12/lib/libm_v7em_fpv4_sp_d16_hard_t_le_eabi.a
LOAD /Applications/SEGGER Embedded Studio for ARM 4.12/lib/libc_v7em_fpv4_sp_d16_hard_t_le_eabi.a
LOAD /Applications/SEGGER Embedded Studio for ARM 4.12/lib/libcpp_v7em_fpv4_sp_d16_hard_t_le_eabi.a
LOAD /Applications/SEGGER Embedded Studio for ARM 4.12/lib/libdebugio_v7em_fpv4_sp_d16_hard_t_le_eabi.a
LOAD /Applications/SEGGER Embedded Studio for ARM 4.12/lib/libvfprintf_v7em_fpv4_sp_d16_hard_t_le_eabi.o
LOAD /Applications/SEGGER Embedded Studio for ARM 4.12/lib/libvfscanf_v7em_fpv4_sp_d16_hard_t_le_eabi.o
END GROUP
OUTPUT(Output/Release/Exe/twi_sensor_pca10040.elf elf32-littlearm)

.ARM.attributes
                0x0000000000000000       0x35
 .ARM.attributes
                0x0000000000000000       0x25 Output/twi_sensor_pca10040 Release/Obj/thumb_crt0.o
 .ARM.attributes
                0x0000000000000025       0x39 Output/twi_sensor_pca10040 Release/Obj/nrf_log_backend_serial.o
 .ARM.attributes
                0x000000000000005e       0x39 Output/twi_sensor_pca10040 Release/Obj/nrf_log_backend_uart.o
 .ARM.attributes
                0x0000000000000097       0x39 Output/twi_sensor_pca10040 Release/Obj/nrf_log_default_backends.o
 .ARM.attributes
                0x00000000000000d0       0x39 Output/twi_sensor_pca10040 Release/Obj/nrf_log_frontend.o
 .ARM.attributes
                0x0000000000000109       0x39 Output/twi_sensor_pca10040 Release/Obj/nrf_log_str_formatter.o
 .ARM.attributes
                0x0000000000000142       0x39 Output/twi_sensor_pca10040 Release/Obj/app_error.o
 .ARM.attributes
                0x000000000000017b       0x39 Output/twi_sensor_pca10040 Release/Obj/app_error_weak.o
 .ARM.attributes
                0x00000000000001b4       0x39 Output/twi_sensor_pca10040 Release/Obj/app_util_platform.o
 .ARM.attributes
                0x00000000000001ed       0x39 Output/twi_sensor_pca10040 Release/Obj/nrf_atomic.o
 .ARM.attributes
                0x0000000000000226       0x39 Output/twi_sensor_pca10040 Release/Obj/nrf_balloc.o
 .ARM.attributes
                0x000000000000025f       0x39 Output/twi_sensor_pca10040 Release/Obj/nrf_fprintf.o
 .ARM.attributes
                0x0000000000000298       0x39 Output/twi_sensor_pca10040 Release/Obj/nrf_fprintf_format.o
 .ARM.attributes
                0x00000000000002d1       0x39 Output/twi_sensor_pca10040 Release/Obj/nrf_memobj.o
 .ARM.attributes
                0x000000000000030a       0x39 Output/twi_sensor_pca10040 Release/Obj/nrf_ringbuf.o
 .ARM.attributes
                0x0000000000000343       0x39 Output/twi_sensor_pca10040 Release/Obj/nrf_drv_twi.o
 .ARM.attributes
                0x000000000000037c       0x39 Output/twi_sensor_pca10040 Release/Obj/nrf_drv_uart.o
 .ARM.attributes
                0x00000000000003b5       0x39 Output/twi_sensor_pca10040 Release/Obj/nrfx_prs.o
 .ARM.attributes
                0x00000000000003ee       0x39 Output/twi_sensor_pca10040 Release/Obj/nrfx_twim.o
 .ARM.attributes
                0x0000000000000427       0x39 Output/twi_sensor_pca10040 Release/Obj/nrfx_uart.o
 .ARM.attributes
                0x0000000000000460       0x39 Output/twi_sensor_pca10040 Release/Obj/nrfx_uarte.o
 .ARM.attributes
                0x0000000000000499       0x39 Output/twi_sensor_pca10040 Release/Obj/main.o
 .ARM.attributes
                0x00000000000004d2       0x39 Output/twi_sensor_pca10040 Release/Obj/SEGGER_RTT.o
 .ARM.attributes
                0x000000000000050b       0x39 Output/twi_sensor_pca10040 Release/Obj/SEGGER_RTT_Syscalls_SES.o
 .ARM.attributes
                0x0000000000000544       0x25 Output/twi_sensor_pca10040 Release/Obj/ses_startup_nrf52.o
 .ARM.attributes
                0x0000000000000569       0x25 Output/twi_sensor_pca10040 Release/Obj/ses_startup_nrf_common.o
 .ARM.attributes
                0x000000000000058e       0x39 Output/twi_sensor_pca10040 Release/Obj/system_nrf52.o
 .ARM.attributes
                0x00000000000005c7       0x39 Output/twi_sensor_pca10040 Release/Obj/ADXL345.o
 .ARM.attributes
                0x0000000000000600       0x20 /Applications/SEGGER Embedded Studio for ARM 4.12/lib/libm_v7em_fpv4_sp_d16_hard_t_le_eabi.a(libm_asm.o)
 .ARM.attributes
                0x0000000000000620       0x34 /Applications/SEGGER Embedded Studio for ARM 4.12/lib/libc_v7em_fpv4_sp_d16_hard_t_le_eabi.a(libc2.o)
 .ARM.attributes
                0x0000000000000654       0x20 /Applications/SEGGER Embedded Studio for ARM 4.12/lib/libc_v7em_fpv4_sp_d16_hard_t_le_eabi.a(libc2_asm.o)
 .ARM.attributes
                0x0000000000000674       0x20 /Applications/SEGGER Embedded Studio for ARM 4.12/lib/libc_v7em_fpv4_sp_d16_hard_t_le_eabi.a(libc_asm.o)
 .ARM.attributes
                0x0000000000000694       0x34 /Applications/SEGGER Embedded Studio for ARM 4.12/lib/libvfprintf_v7em_fpv4_sp_d16_hard_t_le_eabi.o
 .ARM.attributes
                0x00000000000006c8       0x34 /Applications/SEGGER Embedded Studio for ARM 4.12/lib/libm_v7em_fpv4_sp_d16_hard_t_le_eabi.a(libm2.o)
 .ARM.attributes
                0x00000000000006fc       0x20 /Applications/SEGGER Embedded Studio for ARM 4.12/lib/libm_v7em_fpv4_sp_d16_hard_t_le_eabi.a(libm2_asm.o)

.comment        0x0000000000000000       0x4c
 .comment       0x0000000000000000       0x4c Output/twi_sensor_pca10040 Release/Obj/nrf_log_backend_serial.o
                                         0x4d (size before relaxing)
 .comment       0x000000000000004c       0x4d Output/twi_sensor_pca10040 Release/Obj/nrf_log_backend_uart.o
 .comment       0x000000000000004c       0x4d Output/twi_sensor_pca10040 Release/Obj/nrf_log_default_backends.o
 .comment       0x000000000000004c       0x4d Output/twi_sensor_pca10040 Release/Obj/nrf_log_frontend.o
 .comment       0x000000000000004c       0x4d Output/twi_sensor_pca10040 Release/Obj/nrf_log_str_formatter.o
 .comment       0x000000000000004c       0x4d Output/twi_sensor_pca10040 Release/Obj/app_error.o
 .comment       0x000000000000004c       0x4d Output/twi_sensor_pca10040 Release/Obj/app_error_weak.o
 .comment       0x000000000000004c       0x4d Output/twi_sensor_pca10040 Release/Obj/app_util_platform.o
 .comment       0x000000000000004c       0x4d Output/twi_sensor_pca10040 Release/Obj/nrf_atomic.o
 .comment       0x000000000000004c       0x4d Output/twi_sensor_pca10040 Release/Obj/nrf_balloc.o
 .comment       0x000000000000004c       0x4d Output/twi_sensor_pca10040 Release/Obj/nrf_fprintf.o
 .comment       0x000000000000004c       0x4d Output/twi_sensor_pca10040 Release/Obj/nrf_fprintf_format.o
 .comment       0x000000000000004c       0x4d Output/twi_sensor_pca10040 Release/Obj/nrf_memobj.o
 .comment       0x000000000000004c       0x4d Output/twi_sensor_pca10040 Release/Obj/nrf_ringbuf.o
 .comment       0x000000000000004c       0x4d Output/twi_sensor_pca10040 Release/Obj/nrf_drv_twi.o
 .comment       0x000000000000004c       0x4d Output/twi_sensor_pca10040 Release/Obj/nrf_drv_uart.o
 .comment       0x000000000000004c       0x4d Output/twi_sensor_pca10040 Release/Obj/nrfx_prs.o
 .comment       0x000000000000004c       0x4d Output/twi_sensor_pca10040 Release/Obj/nrfx_twim.o
 .comment       0x000000000000004c       0x4d Output/twi_sensor_pca10040 Release/Obj/nrfx_uart.o
 .comment       0x000000000000004c       0x4d Output/twi_sensor_pca10040 Release/Obj/nrfx_uarte.o
 .comment       0x000000000000004c       0x4d Output/twi_sensor_pca10040 Release/Obj/main.o
 .comment       0x000000000000004c       0x4d Output/twi_sensor_pca10040 Release/Obj/SEGGER_RTT.o
 .comment       0x000000000000004c       0x4d Output/twi_sensor_pca10040 Release/Obj/SEGGER_RTT_Syscalls_SES.o
 .comment       0x000000000000004c       0x4d Output/twi_sensor_pca10040 Release/Obj/system_nrf52.o
 .comment       0x000000000000004c       0x4d Output/twi_sensor_pca10040 Release/Obj/ADXL345.o
 .comment       0x000000000000004c       0x4d /Applications/SEGGER Embedded Studio for ARM 4.12/lib/libc_v7em_fpv4_sp_d16_hard_t_le_eabi.a(libc2.o)
 .comment       0x000000000000004c       0x4d /Applications/SEGGER Embedded Studio for ARM 4.12/lib/libvfprintf_v7em_fpv4_sp_d16_hard_t_le_eabi.o
 .comment       0x000000000000004c       0x4d /Applications/SEGGER Embedded Studio for ARM 4.12/lib/libm_v7em_fpv4_sp_d16_hard_t_le_eabi.a(libm2.o)

.debug_line     0x0000000000000000     0xa70c